Component: Arm Compiler for Embedded 6.19 Tool: armlink [5e73cb00]

==============================================================================

Section Cross References

    stm32f4xx_it.o(.ARM.exidx) refers to stm32f4xx_it.o(.text) for [Anonymous Symbol]
    system_stm32f4xx.o(.text) refers to system_stm32f4xx.o(.data.SystemCoreClock) for SystemCoreClock
    system_stm32f4xx.o(.text) refers to system_stm32f4xx.o(.rodata.AHBPrescTable) for AHBPrescTable
    system_stm32f4xx.o(.ARM.exidx) refers to system_stm32f4xx.o(.text) for [Anonymous Symbol]
    main.o(.text) refers to delay.o(.text) for delay_init
    main.o(.text) refers to usart.o(.text) for uart_init
    main.o(.text) refers to oled.o(.text) for OLED_Init
    main.o(.text) refers to key16.o(.text) for ch451_init
    main.o(.text) refers to stm32f4xx_rcc.o(.text) for RCC_AHB1PeriphClockCmd
    main.o(.text) refers to stm32f4xx_gpio.o(.text) for GPIO_StructInit
    main.o(.text) refers to lib.o(.text) for TIM_config(TIM_TypeDef*, unsigned short, unsigned int, FunctionalState, unsigned char)
    main.o(.text) refers to main.o(.bss.TIMOCAdder) for TIMOCAdder
    main.o(.text) refers to main.o(.bss.pidadder) for pidadder
    main.o(.text) refers to stm32f4xx_adc.o(.text) for ADC_SoftwareStartConv
    main.o(.text) refers to main.o(.bss.key_sign) for key_sign
    main.o(.text) refers to main.o(.bss.angle) for angle
    main.o(.text) refers to main.o(.text._Z11ADC_DataOutv) for ADC_DataOut()
    main.o(.text) refers to stm32f4xx_tim.o(.text) for TIM_OC1Init
    main.o(.text) refers to stm32f4xx_usart.o(.text) for USART_GetITStatus
    main.o(.text) refers to main.o(.bss.Pulse) for Pulse
    main.o(.ARM.exidx) refers to main.o(.text) for [Anonymous Symbol]
    startup_stm32f40_41xxx.o(RESET) refers to startup_stm32f40_41xxx.o(STACK) for __initial_sp
    startup_stm32f40_41xxx.o(RESET) refers to startup_stm32f40_41xxx.o(.text) for Reset_Handler
    startup_stm32f40_41xxx.o(RESET) refers to stm32f4xx_it.o(.text) for NMI_Handler
    startup_stm32f40_41xxx.o(RESET) refers to main.o(.text) for TIM3_IRQHandler
    startup_stm32f40_41xxx.o(.text) refers to system_stm32f4xx.o(.text) for SystemInit
    startup_stm32f40_41xxx.o(.text) refers to entry.o(.ARM.Collect$$$$00000000) for __main
    misc.o(.ARM.exidx) refers to misc.o(.text) for [Anonymous Symbol]
    stm32f4xx_adc.o(.text) refers to stm32f4xx_rcc.o(.text) for RCC_APB2PeriphResetCmd
    stm32f4xx_adc.o(.ARM.exidx) refers to stm32f4xx_adc.o(.text) for [Anonymous Symbol]
    stm32f4xx_can.o(.text) refers to stm32f4xx_rcc.o(.text) for RCC_APB1PeriphResetCmd
    stm32f4xx_can.o(.ARM.exidx) refers to stm32f4xx_can.o(.text) for [Anonymous Symbol]
    stm32f4xx_crc.o(.ARM.exidx) refers to stm32f4xx_crc.o(.text) for [Anonymous Symbol]
    stm32f4xx_cryp.o(.text) refers to stm32f4xx_rcc.o(.text) for RCC_AHB2PeriphResetCmd
    stm32f4xx_cryp.o(.ARM.exidx) refers to stm32f4xx_cryp.o(.text) for [Anonymous Symbol]
    stm32f4xx_cryp_aes.o(.text) refers to stm32f4xx_cryp.o(.text) for CRYP_KeyStructInit
    stm32f4xx_cryp_aes.o(.text) refers to memseta.o(.text) for __aeabi_memclr
    stm32f4xx_cryp_aes.o(.text) refers to memcpya.o(.text) for __aeabi_memcpy
    stm32f4xx_cryp_aes.o(.ARM.exidx) refers to stm32f4xx_cryp_aes.o(.text) for [Anonymous Symbol]
    stm32f4xx_cryp_des.o(.text) refers to stm32f4xx_cryp.o(.text) for CRYP_KeyStructInit
    stm32f4xx_cryp_des.o(.ARM.exidx) refers to stm32f4xx_cryp_des.o(.text) for [Anonymous Symbol]
    stm32f4xx_cryp_tdes.o(.text) refers to stm32f4xx_cryp.o(.text) for CRYP_KeyStructInit
    stm32f4xx_cryp_tdes.o(.ARM.exidx) refers to stm32f4xx_cryp_tdes.o(.text) for [Anonymous Symbol]
    stm32f4xx_dac.o(.text) refers to stm32f4xx_rcc.o(.text) for RCC_APB1PeriphResetCmd
    stm32f4xx_dac.o(.ARM.exidx) refers to stm32f4xx_dac.o(.text) for [Anonymous Symbol]
    stm32f4xx_dbgmcu.o(.ARM.exidx) refers to stm32f4xx_dbgmcu.o(.text) for [Anonymous Symbol]
    stm32f4xx_dcmi.o(.ARM.exidx) refers to stm32f4xx_dcmi.o(.text) for [Anonymous Symbol]
    stm32f4xx_dma2d.o(.text) refers to stm32f4xx_rcc.o(.text) for RCC_AHB1PeriphResetCmd
    stm32f4xx_dma2d.o(.text) refers to memseta.o(.text) for __aeabi_memclr4
    stm32f4xx_dma2d.o(.ARM.exidx) refers to stm32f4xx_dma2d.o(.text) for [Anonymous Symbol]
    stm32f4xx_dma.o(.text) refers to memseta.o(.text) for __aeabi_memclr4
    stm32f4xx_dma.o(.ARM.exidx) refers to stm32f4xx_dma.o(.text) for [Anonymous Symbol]
    stm32f4xx_exti.o(.ARM.exidx) refers to stm32f4xx_exti.o(.text) for [Anonymous Symbol]
    stm32f4xx_flash.o(.ARM.exidx) refers to stm32f4xx_flash.o(.text) for [Anonymous Symbol]
    stm32f4xx_flash_ramfunc.o(.ARM.exidx.RamFunc) refers to stm32f4xx_flash_ramfunc.o(.RamFunc) for [Anonymous Symbol]
    stm32f4xx_fsmc.o(.text) refers to stm32f4xx_fsmc.o(.rodata.FSMC_DefaultTimingStruct) for FSMC_DefaultTimingStruct
    stm32f4xx_fsmc.o(.ARM.exidx) refers to stm32f4xx_fsmc.o(.text) for [Anonymous Symbol]
[...]
    ../fplib/microlib/fpdiv.c                0x00000000   Number         0  ddiv.o ABSOLUTE
    ../fplib/microlib/fpepilogue.c           0x00000000   Number         0  fepilogue.o ABSOLUTE
    ../fplib/microlib/fpepilogue.c           0x00000000   Number         0  depilogue.o ABSOLUTE
    ../fplib/microlib/fpfix.c                0x00000000   Number         0  dfixi.o ABSOLUTE
    ../fplib/microlib/fpfix.c                0x00000000   Number         0  dfixui.o ABSOLUTE
    ../fplib/microlib/fpfix.c                0x00000000   Number         0  dfixul.o ABSOLUTE
    ../fplib/microlib/fpflt.c                0x00000000   Number         0  dflti.o ABSOLUTE
    ../fplib/microlib/fpflt.c                0x00000000   Number         0  dfltui.o ABSOLUTE
    ../fplib/microlib/fpmul.c                0x00000000   Number         0  dmul.o ABSOLUTE
    ../fplib/microlib/fpneg.c                0x00000000   Number         0  dneg.o ABSOLUTE
    ../fplib/microlib/fprnd.c                0x00000000   Number         0  drnd.o ABSOLUTE
    ../mathlib/atan.c                        0x00000000   Number         0  atan.o ABSOLUTE
    ../mathlib/atan2.c                       0x00000000   Number         0  atan2.o ABSOLUTE
    ../mathlib/dunder.c                      0x00000000   Number         0  dunder.o ABSOLUTE
    ../mathlib/fabs.c                        0x00000000   Number         0  fabs.o ABSOLUTE
    ../mathlib/fpclassify.c                  0x00000000   Number         0  fpclassify.o ABSOLUTE
    ../mathlib/funder.c                      0x00000000   Number         0  funder.o ABSOLUTE
    ../mathlib/logf.c                        0x00000000   Number         0  logf.o ABSOLUTE
    ../mathlib/poly.c                        0x00000000   Number         0  poly.o ABSOLUTE
    ../mathlib/qnan.c                        0x00000000   Number         0  qnan.o ABSOLUTE
    ../mathlib/round.c                       0x00000000   Number         0  round.o ABSOLUTE
    ..\CORE\startup_stm32f40_41xxx.s         0x00000000   Number         0  startup_stm32f40_41xxx.o ABSOLUTE
    OLED.c                                   0x00000000   Number         0  oled.o ABSOLUTE
    OLED_Data.c                              0x00000000   Number         0  oled_data.o ABSOLUTE
    abort_message.cpp                        0x00000000   Number         0  abort_message.cpp.o ABSOLUTE
    cdcmple.s                                0x00000000   Number         0  cdcmple.o ABSOLUTE
    cdrcmple.s                               0x00000000   Number         0  cdrcmple.o ABSOLUTE
    cxa_default_handlers.cpp                 0x00000000   Number         0  cxa_default_handlers.cpp.o ABSOLUTE
    cxa_handlers.cpp                         0x00000000   Number         0  cxa_handlers.cpp.o ABSOLUTE
    dc.s                                     0x00000000   Number         0  dc.o ABSOLUTE
    delay.c                                  0x00000000   Number         0  delay.o ABSOLUTE
    handlers.s                               0x00000000   Number         0  handlers.o ABSOLUTE
    init.s                                   0x00000000   Number         0  init.o ABSOLUTE
    key16.c                                  0x00000000   Number         0  key16.o ABSOLUTE
    lib.cpp                                  0x00000000   Number         0  lib.o ABSOLUTE
    lib.h                                    0x00000000   Number         0  lib_1.o ABSOLUTE
    main.cpp                                 0x00000000   Number         0  main.o ABSOLUTE
    misc.c                                   0x00000000   Number         0  misc.o ABSOLUTE
    new.cpp                                  0x00000000   Number         0  new.cpp.o ABSOLUTE
    stm32f4xx_adc.c                          0x00000000   Number         0  stm32f4xx_adc.o ABSOLUTE
    stm32f4xx_can.c                          0x00000000   Number         0  stm32f4xx_can.o ABSOLUTE
    stm32f4xx_crc.c                          0x00000000   Number         0  stm32f4xx_crc.o ABSOLUTE
    stm32f4xx_cryp.c                         0x00000000   Number         0  stm32f4xx_cryp.o ABSOLUTE
    stm32f4xx_cryp_aes.c                     0x00000000   Number         0  stm32f4xx_cryp_aes.o ABSOLUTE
    stm32f4xx_cryp_des.c                     0x00000000   Number         0  stm32f4xx_cryp_des.o ABSOLUTE
    stm32f4xx_cryp_tdes.c                    0x00000000   Number         0  stm32f4xx_cryp_tdes.o ABSOLUTE
    stm32f4xx_dac.c                          0x00000000   Number         0  stm32f4xx_dac.o ABSOLUTE
    stm32f4xx_dbgmcu.c                       0x00000000   Number         0  stm32f4xx_dbgmcu.o ABSOLUTE
    stm32f4xx_dcmi.c                         0x00000000   Number         0  stm32f4xx_dcmi.o ABSOLUTE
    stm32f4xx_dma.c                          0x00000000   Number         0  stm32f4xx_dma.o ABSOLUTE
    stm32f4xx_dma2d.c                        0x00000000   Number         0  stm32f4xx_dma2d.o ABSOLUTE
    stm32f4xx_exti.c                         0x00000000   Number         0  stm32f4xx_exti.o ABSOLUTE
    stm32f4xx_flash.c                        0x00000000   Number         0  stm32f4xx_flash.o ABSOLUTE
    stm32f4xx_flash_ramfunc.c                0x00000000   Number         0  stm32f4xx_flash_ramfunc.o ABSOLUTE
    stm32f4xx_fsmc.c                         0x00000000   Number         0  stm32f4xx_fsmc.o ABSOLUTE
    stm32f4xx_gpio.c                         0x00000000   Number         0  stm32f4xx_gpio.o ABSOLUTE
    stm32f4xx_hash.c                         0x00000000   Number         0  stm32f4xx_hash.o ABSOLUTE
    stm32f4xx_hash_md5.c                     0x00000000   Number         0  stm32f4xx_hash_md5.o ABSOLUTE
    stm32f4xx_hash_sha1.c                    0x00000000   Number         0  stm32f4xx_hash_sha1.o ABSOLUTE
    stm32f4xx_i2c.c                          0x00000000   Number         0  stm32f4xx_i2c.o ABSOLUTE
    stm32f4xx_it.c                           0x00000000   Number         0  stm32f4xx_it.o ABSOLUTE
    stm32f4xx_iwdg.c                         0x00000000   Number         0  stm32f4xx_iwdg.o ABSOLUTE
    stm32f4xx_ltdc.c                         0x00000000   Number         0  stm32f4xx_ltdc.o ABSOLUTE
    stm32f4xx_pwr.c                          0x00000000   Number         0  stm32f4xx_pwr.o ABSOLUTE
    stm32f4xx_rcc.c                          0x00000000   Number         0  stm32f4xx_rcc.o ABSOLUTE
    stm32f4xx_rng.c                          0x00000000   Number         0  stm32f4xx_rng.o ABSOLUTE
    stm32f4xx_rtc.c                          0x00000000   Number         0  stm32f4xx_rtc.o ABSOLUTE
    stm32f4xx_sai.c                          0x00000000   Number         0  stm32f4xx_sai.o ABSOLUTE
    stm32f4xx_sdio.c                         0x00000000   Number         0  stm32f4xx_sdio.o ABSOLUTE
    stm32f4xx_spi.c                          0x00000000   Number         0  stm32f4xx_spi.o ABSOLUTE
    stm32f4xx_syscfg.c                       0x00000000   Number         0  stm32f4xx_syscfg.o ABSOLUTE
    stm32f4xx_tim.c                          0x00000000   Number         0  stm32f4xx_tim.o ABSOLUTE
    stm32f4xx_usart.c                        0x00000000   Number         0  stm32f4xx_usart.o ABSOLUTE
    stm32f4xx_wwdg.c                         0x00000000   Number         0  stm32f4xx_wwdg.o ABSOLUTE
    sys.c                                    0x00000000   Number         0  sys.o ABSOLUTE
    system_stm32f4xx.c                       0x00000000   Number         0  system_stm32f4xx.o ABSOLUTE
    usart.c                                  0x00000000   Number         0  usart.o ABSOLUTE
    RESET                                    0x08000000   Section      392  startup_stm32f40_41xxx.o(RESET)
    .ARM.Collect$$$$00000000                 0x08000188   Section        0  entry.o(.ARM.Collect$$$$00000000)
    .ARM.Collect$$$$00000001                 0x08000188   Section        4  entry2.o(.ARM.Collect$$$$00000001)
    .ARM.Collect$$$$00000004                 0x0800018c   Section        4  entry5.o(.ARM.Collect$$$$00000004)
    .ARM.Collect$$$$00000008                 0x08000190   Section        0  entry7b.o(.ARM.Collect$$$$00000008)
    .ARM.Collect$$$$0000000A                 0x08000190   Section        0  entry8b.o(.ARM.Collect$$$$0000000A)
    .ARM.Collect$$$$0000000B                 0x08000190   Section        8  entry9a.o(.ARM.Collect$$$$0000000B)
    __lit__00000000                          0x08000198   Data           4  entry2.o(.ARM.Collect$$$$00002712)
    .ARM.Collect$$$$0000000D                 0x08000198   Section        0  entry10a.o(.ARM.Collect$$$$0000000D)
    .ARM.Collect$$$$0000000F                 0x08000198   Section        0  entry11a.o(.ARM.Collect$$$$0000000F)
    .ARM.Collect$$$$00002712                 0x08000198   Section        4  entry2.o(.ARM.Collect$$$$00002712)
    [Anonymous Symbol]                       0x0800019c   Section        0  stm32f4xx_it.o(.text)
    [Anonymous Symbol]                       0x080001c0   Section        0  system_stm32f4xx.o(.text)
    [Anonymous Symbol]                       0x08000344   Section        0  main.o(.text)
    $v0                                      0x08000754   Number         0  startup_stm32f40_41xxx.o(.text)
    .text                                    0x08000754   Section       36  startup_stm32f40_41xxx.o(.text)
    [Anonymous Symbol]                       0x08000778   Section        0  misc.o(.text)
    [Anonymous Symbol]                       0x08000838   Section        0  stm32f4xx_adc.o(.text)
    [Anonymous Symbol]                       0x08000bc8   Section        0  stm32f4xx_dac.o(.text)
    [Anonymous Symbol]                       0x08000dac   Section        0  stm32f4xx_dma.o(.text)
    [Anonymous Symbol]                       0x08001250   Section        0  stm32f4xx_gpio.o(.text)
    [Anonymous Symbol]                       0x080013ac   Section        0  stm32f4xx_rcc.o(.text)
    [Anonymous Symbol]                       0x08001910   Section        0  stm32f4xx_tim.o(.text)
    [Anonymous Symbol]                       0x08002478   Section        0  stm32f4xx_usart.o(.text)
    [Anonymous Symbol]                       0x0800284c   Section        0  delay.o(.text)
    [Anonymous Symbol]                       0x0800297c   Section        0  usart.o(.text)
    [Anonymous Symbol]                       0x08002a24   Section        0  lib.o(.text)
    [Anonymous Symbol]                       0x08002e48   Section        0  oled.o(.text)
    [Anonymous Symbol]                       0x08005aa0   Section        0  key16.o(.text)
    .text                                    0x08005c20   Section        0  memseta.o(.text)
    .text                                    0x08005c44   Section        0  strcmp.o(.text)
    .text                                    0x08005c60   Section        0  dadd.o(.text)
    .text                                    0x08005dae   Section        0  dmul.o(.text)
    .text                                    0x08005e92   Section        0  ddiv.o(.text)
    .text                                    0x08005f70   Section        0  dcmple.o(.text)
    .text                                    0x08005fa6   Section        0  dcmplt.o(.text)
    .text                                    0x08005fdc   Section        0  dcmpgt.o(.text)
    .text                                    0x08006012   Section        0  dflti.o(.text)
    .text                                    0x08006034   Section        0  dfltui.o(.text)
    .text                                    0x0800604e   Section        0  dfixi.o(.text)
    .text                                    0x0800608c   Section        0  dfixui.o(.text)
    .text                                    0x080060be   Section        0  d2f.o(.text)
    .text                                    0x080060f6   Section        0  uidiv.o(.text)
    .text                                    0x08006122   Section        0  uldiv.o(.text)
    .text                                    0x08006184   Section        0  llshl.o(.text)
    .text                                    0x080061a2   Section        0  llushr.o(.text)
    .text                                    0x080061c2   Section        0  llsshr.o(.text)
    .text                                    0x080061e6   Section        0  iusefp.o(.text)
    .text                                    0x080061e6   Section        0  fepilogue.o(.text)
    .text                                    0x08006254   Section        0  depilogue.o(.text)
    .text                                    0x08006310   Section        0  drnd.o(.text)
    .text                                    0x08006398   Section        0  dfixul.o(.text)
    .text                                    0x080063c8   Section       48  cdcmple.o(.text)
    .text                                    0x080063f8   Section       48  cdrcmple.o(.text)
    .text                                    0x08006428   Section       36  init.o(.text)
    [Anonymous Symbol]                       0x08006450   Section        0  main.o(.text._Z11ADC_DataOutv)
    [Anonymous Symbol]                       0x080064b8   Section        0  lib.o(.text._ZN4GPIO6configEP12GPIO_TypeDefj16GPIOMode_TypeDef17GPIOOType_TypeDef17GPIOSpeed_TypeDef16GPIOPuPd_TypeDef)
    [Anonymous Symbol]                       0x080065b0   Section        0  cxa_handlers.cpp.o(.text._ZSt15get_new_handlerv)
    [Anonymous Symbol]                       0x080065bc   Section        0  new.cpp.o(.text._Znwj)
    i.__0vsprintf                            0x080065e4   Section        0  printfa.o(i.__0vsprintf)
    i.__ARM_fpclassify                       0x08006608   Section        0  fpclassify.o(i.__ARM_fpclassify)
    i.__aligned_malloc                       0x08006638   Section        0  malloca.o(i.__aligned_malloc)
    i.__hardfp_atan                          0x080066d8   Section        0  atan.o(i.__hardfp_atan)
    i.__hardfp_atan2                         0x080069b0   Section        0  atan2.o(i.__hardfp_atan2)
    i.__hardfp_logf                          0x08006bb0   Section        0  logf.o(i.__hardfp_logf)
    i.__hardfp_round                         0x08006d20   Section        0  round.o(i.__hardfp_round)
    i.__kernel_poly                          0x08006e00   Section        0  poly.o(i.__kernel_poly)
    i.__malloc$memalign                      0x08006ef8   Section        0  malloca.o(i.__malloc$memalign)
    i.__mathlib_dbl_infnan                   0x08006efe   Section        0  dunder.o(i.__mathlib_dbl_infnan)
    i.__mathlib_dbl_infnan2                  0x08006f12   Section        0  dunder.o(i.__mathlib_dbl_infnan2)
    i.__mathlib_dbl_underflow                0x08006f28   Section        0  dunder.o(i.__mathlib_dbl_underflow)
    i.__mathlib_flt_divzero                  0x08006f48   Section        0  funder.o(i.__mathlib_flt_divzero)
    i.__mathlib_flt_infnan                   0x08006f5c   Section        0  funder.o(i.__mathlib_flt_infnan)
    i.__mathlib_flt_invalid                  0x08006f64   Section        0  funder.o(i.__mathlib_flt_invalid)
    i.__scatterload_copy                     0x08006f74   Section       14  handlers.o(i.__scatterload_copy)
    i.__scatterload_null                     0x08006f82   Section        2  handlers.o(i.__scatterload_null)
    i.__scatterload_zeroinit                 0x08006f84   Section       14  handlers.o(i.__scatterload_zeroinit)
    i.__set_errno                            0x08006f94   Section        0  errno.o(i.__set_errno)
    _fp_digits                               0x08006fa1   Thumb Code   366  printfa.o(i._fp_digits)
    i._fp_digits                             0x08006fa0   Section        0  printfa.o(i._fp_digits)
    _printf_core                             0x08007125   Thumb Code  1744  printfa.o(i._printf_core)
    i._printf_core                           0x08007124   Section        0  printfa.o(i._printf_core)
    _printf_post_padding                     0x08007801   Thumb Code    36  printfa.o(i._printf_post_padding)
    i._printf_post_padding                   0x08007800   Section        0  printfa.o(i._printf_post_padding)
    _printf_pre_padding                      0x08007825   Thumb Code    46  printfa.o(i._printf_pre_padding)
    i._printf_pre_padding                    0x08007824   Section        0  printfa.o(i._printf_pre_padding)
    _sputc                                   0x08007853   Thumb Code    10  printfa.o(i._sputc)
    i._sputc                                 0x08007852   Section        0  printfa.o(i._sputc)
    i.atan                                   0x0800785c   Section        0  atan.o(i.atan)
    i.fabs                                   0x0800786c   Section        0  fabs.o(i.fabs)
    logahi                                   0x08007884   Data          32  logf.o(.constdata)
    .constdata                               0x08007884   Section       64  logf.o(.constdata)
    logalo                                   0x080078a4   Data          32  logf.o(.constdata)
    atanhi                                   0x080078c8   Data          32  atan.o(.constdata)
    .constdata                               0x080078c8   Section      152  atan.o(.constdata)
    atanlo                                   0x080078e8   Data          32  atan.o(.constdata)
    aTodd                                    0x08007908   Data          40  atan.o(.constdata)
    aTeven                                   0x08007930   Data          48  atan.o(.constdata)
    .constdata                               0x08007960   Section        8  qnan.o(.constdata)
    .Lswitch.table.GPIO_DeInit.1             0x08007968   Data          44  stm32f4xx_gpio.o(.rodata..Lswitch.table.GPIO_DeInit.1)
    APBAHBPrescTable                         0x080079a4   Data          16  stm32f4xx_rcc.o(.rodata.APBAHBPrescTable)
    [Anonymous Symbol]                       0x080079a4   Section        0  stm32f4xx_rcc.o(.rodata.APBAHBPrescTable)
    .Lswitch.table._Z10TIM_configP11TIM_TypeDeftj15FunctionalStateh 0x08008360   Data          32  lib.o(.rodata.cst32)
    _errno                                   0x20000000   Data           4  errno.o(.data)
    .data                                    0x20000000   Section        4  errno.o(.data)
    .data                                    0x20000004   Section        4  mvars.o(.data)
    .data                                    0x20000008   Section        4  mvars.o(.data)
    fac_ms                                   0x20000474   Data           2  delay.o(.bss.fac_ms)
    [Anonymous Symbol]                       0x20000474   Section        0  delay.o(.bss.fac_ms)
    fac_us                                   0x20000476   Data           1  delay.o(.bss.fac_us)
    [Anonymous Symbol]                       0x20000476   Section        0  delay.o(.bss.fac_us)
    HEAP                                     0x20000480   Section      512  startup_stm32f40_41xxx.o(HEAP)
    STACK                                    0x20000680   Section     1024  startup_stm32f40_41xxx.o(STACK)

    Global Symbols

    Symbol Name                              Value     Ov Type        Size  Object(Section)

    BuildAttributes$$THM_ISAv4$E$P$D$K$B$S$7EM$VFPi3$EXTD16$VFPS$VFMA$PE$A:L22UL41UL21$X:L11$S22US41US21$IEEE1$IW$~IW$USESV6$~STKCKD$USESV7$~SHL$OTIME$ROPI$IEEEX$EBA8$MICROLIB$REQ8$PRES8$EABIv2 0x00000000   Number         0  anon$$obj.o ABSOLUTE
    __use_no_errno                           0x00000000   Number         0  useno.o ABSOLUTE
    __use_no_exception_handling              0x00000000   Number         0  useno.o ABSOLUTE
    __use_no_fp                              0x00000000   Number         0  useno.o ABSOLUTE
    __use_no_heap                            0x00000000   Number         0  useno.o ABSOLUTE
    __use_no_heap_region                     0x00000000   Number         0  useno.o ABSOLUTE
    __use_no_semihosting                     0x00000000   Number         0  useno.o ABSOLUTE
    __use_no_semihosting_swi                 0x00000000   Number         0  useno.o ABSOLUTE
    __use_no_signal_handling                 0x00000000   Number         0  useno.o ABSOLUTE
    __cpp_initialize__aeabi_                  - Undefined Weak Reference
    __cxa_finalize                            - Undefined Weak Reference
    __decompress                              - Undefined Weak Reference
    _clock_init                               - Undefined Weak Reference
    _microlib_exit                            - Undefined Weak Reference
    __Vectors_Size                           0x00000188   Number         0  startup_stm32f40_41xxx.o ABSOLUTE
    __Vectors                                0x08000000   Data           4  startup_stm32f40_41xxx.o(RESET)
    __Vectors_End                            0x08000188   Data           0  startup_stm32f40_41xxx.o(RESET)
    __main                                   0x08000189   Thumb Code     0  entry.o(.ARM.Collect$$$$00000000)
    _main_stk                                0x08000189   Thumb Code     0  entry2.o(.ARM.Collect$$$$00000001)
    _main_scatterload                        0x0800018d   Thumb Code     0  entry5.o(.ARM.Collect$$$$00000004)
    __main_after_scatterload                 0x08000191   Thumb Code     0  entry5.o(.ARM.Collect$$$$00000004)
    _main_clock                              0x08000191   Thumb Code     0  entry7b.o(.ARM.Collect$$$$00000008)
    _main_cpp_init                           0x08000191   Thumb Code     0  entry8b.o(.ARM.Collect$$$$0000000A)
    _main_init                               0x08000191   Thumb Code     0  entry9a.o(.ARM.Collect$$$$0000000B)
    __rt_final_cpp                           0x08000199   Thumb Code     0  entry10a.o(.ARM.Collect$$$$0000000D)
    __rt_final_exit                          0x08000199   Thumb Code     0  entry11a.o(.ARM.Collect$$$$0000000F)
    NMI_Handler                              0x0800019d   Thumb Code     2  stm32f4xx_it.o(.text)
    HardFault_Handler                        0x080001a1   Thumb Code     2  stm32f4xx_it.o(.text)
    MemManage_Handler                        0x080001a5   Thumb Code     2  stm32f4xx_it.o(.text)
    BusFault_Handler                         0x080001a9   Thumb Code     2  stm32f4xx_it.o(.text)
    UsageFault_Handler                       0x080001ad   Thumb Code     2  stm32f4xx_it.o(.text)
    SVC_Handler                              0x080001b1   Thumb Code     2  stm32f4xx_it.o(.text)
    DebugMon_Handler                         0x080001b5   Thumb Code     2  stm32f4xx_it.o(.text)
    PendSV_Handler                           0x080001b9   Thumb Code     2  stm32f4xx_it.o(.text)
    SysTick_Handler                          0x080001bd   Thumb Code     2  stm32f4xx_it.o(.text)
    SystemInit                               0x080001c1   Thumb Code   250  system_stm32f4xx.o(.text)
    SystemCoreClockUpdate                    0x080002bd   Thumb Code   134  system_stm32f4xx.o(.text)
    main                                     0x08000345   Thumb Code   676  main.o(.text)
    TIM3_IRQHandler                          0x08000625   Thumb Code    42  main.o(.text)
    USART1_IRQHandler                        0x08000651   Thumb Code    66  main.o(.text)
    order_1()                                0x08000695   Thumb Code    96  main.o(.text)
    order_2()                                0x080006f5   Thumb Code    94  main.o(.text)
    Reset_Handler                            0x08000755   Thumb Code     8  startup_stm32f40_41xxx.o(.text)
    ADC_IRQHandler                           0x0800076f   Thumb Code     0  startup_stm32f40_41xxx.o(.text)
    CAN1_RX0_IRQHandler                      0x0800076f   Thumb Code     0  startup_stm32f40_41xxx.o(.text)
    CAN1_RX1_IRQHandler                      0x0800076f   Thumb Code     0  startup_stm32f40_41xxx.o(.text)
    CAN1_SCE_IRQHandler                      0x0800076f   Thumb Code     0  startup_stm32f40_41xxx.o(.text)
    CAN1_TX_IRQHandler                       0x0800076f   Thumb Code     0  startup_stm32f40_41xxx.o(.text)
    CAN2_RX0_IRQHandler                      0x0800076f   Thumb Code     0  startup_stm32f40_41xxx.o(.text)
    CAN2_RX1_IRQHandler                      0x0800076f   Thumb Code     0  startup_stm32f40_41xxx.o(.text)
    CAN2_SCE_IRQHandler                      0x0800076f   Thumb Code     0  startup_stm32f40_41xxx.o(.text)
    CAN2_TX_IRQHandler                       0x0800076f   Thumb Code     0  startup_stm32f40_41xxx.o(.text)
    CRYP_IRQHandler                          0x0800076f   Thumb Code     0  startup_stm32f40_41xxx.o(.text)
    DCMI_IRQHandler                          0x0800076f   Thumb Code     0  startup_stm32f40_41xxx.o(.text)
    DMA1_Stream0_IRQHandler                  0x0800076f   Thumb Code     0  startup_stm32f40_41xxx.o(.text)
    DMA1_Stream1_IRQHandler                  0x0800076f   Thumb Code     0  startup_stm32f40_41xxx.o(.text)
    DMA1_Stream2_IRQHandler                  0x0800076f   Thumb Code     0  startup_stm32f40_41xxx.o(.text)
    DMA1_Stream3_IRQHandler                  0x0800076f   Thumb Code     0  startup_stm32f40_41xxx.o(.text)
    DMA1_Stream4_IRQHandler                  0x0800076f   Thumb Code     0  startup_stm32f40_41xxx.o(.text)
    DMA1_Stream5_IRQHandler                  0x0800076f   Thumb Code     0  startup_stm32f40_41xxx.o(.text)
    DMA1_Stream6_IRQHandler                  0x0800076f   Thumb Code     0  startup_stm32f40_41xxx.o(.text)
    DMA1_Stream7_IRQHandler                  0x0800076f   Thumb Code     0  startup_stm32f40_41xxx.o(.text)
    DMA2_Stream0_IRQHandler                  0x0800076f   Thumb Code     0  startup_stm32f40_41xxx.o(.text)
    DMA2_Stream1_IRQHandler                  0x0800076f   Thumb Code     0  startup_stm32f40_41xxx.o(.text)
    DMA2_Stream2_IRQHandler                  0x0800076f   Thumb Code     0  startup_stm32f40_41xxx.o(.text)
    DMA2_Stream3_IRQHandler                  0x0800076f   Thumb Code     0  startup_stm32f40_41xxx.o(.text)
    DMA2_Stream4_IRQHandler                  0x0800076f   Thumb Code     0  startup_stm32f40_41xxx.o(.text)
    DMA2_Stream5_IRQHandler                  0x0800076f   Thumb Code     0  startup_stm32f40_41xxx.o(.text)
    DMA2_Stream6_IRQHandler                  0x0800076f   Thumb Code     0  startup_stm32f40_41xxx.o(.text)
    DMA2_Stream7_IRQHandler                  0x0800076f   Thumb Code     0  startup_stm32f40_41xxx.o(.text)
    ETH_IRQHandler                           0x0800076f   Thumb Code     0  startup_stm32f40_41xxx.o(.text)
    ETH_WKUP_IRQHandler                      0x0800076f   Thumb Code     0  startup_stm32f40_41xxx.o(.text)
    EXTI0_IRQHandler                         0x0800076f   Thumb Code     0  startup_stm32f40_41xxx.o(.text)
    EXTI15_10_IRQHandler                     0x0800076f   Thumb Code     0  startup_stm32f40_41xxx.o(.text)
    EXTI1_IRQHandler                         0x0800076f   Thumb Code     0  startup_stm32f40_41xxx.o(.text)
    EXTI2_IRQHandler                         0x0800076f   Thumb Code     0  startup_stm32f40_41xxx.o(.text)
    EXTI3_IRQHandler                         0x0800076f   Thumb Code     0  startup_stm32f40_41xxx.o(.text)
    EXTI4_IRQHandler                         0x0800076f   Thumb Code     0  startup_stm32f40_41xxx.o(.text)
    EXTI9_5_IRQHandler                       0x0800076f   Thumb Code     0  startup_stm32f40_41xxx.o(.text)
    FLASH_IRQHandler                         0x0800076f   Thumb Code     0  startup_stm32f40_41xxx.o(.text)
    FPU_IRQHandler                           0x0800076f   Thumb Code     0  startup_stm32f40_41xxx.o(.text)
    FSMC_IRQHandler                          0x0800076f   Thumb Code     0  startup_stm32f40_41xxx.o(.text)
    HASH_RNG_IRQHandler                      0x0800076f   Thumb Code     0  startup_stm32f40_41xxx.o(.text)
    I2C1_ER_IRQHandler                       0x0800076f   Thumb Code     0  startup_stm32f40_41xxx.o(.text)
    I2C1_EV_IRQHandler                       0x0800076f   Thumb Code     0  startup_stm32f40_41xxx.o(.text)
    I2C2_ER_IRQHandler                       0x0800076f   Thumb Code     0  startup_stm32f40_41xxx.o(.text)
    I2C2_EV_IRQHandler                       0x0800076f   Thumb Code     0  startup_stm32f40_41xxx.o(.text)
    I2C3_ER_IRQHandler                       0x0800076f   Thumb Code     0  startup_stm32f40_41xxx.o(.text)
    I2C3_EV_IRQHandler                       0x0800076f   Thumb Code     0  startup_stm32f40_41xxx.o(.text)
    OTG_FS_IRQHandler                        0x0800076f   Thumb Code     0  startup_stm32f40_41xxx.o(.text)
    OTG_FS_WKUP_IRQHandler                   0x0800076f   Thumb Code     0  startup_stm32f40_41xxx.o(.text)
    OTG_HS_EP1_IN_IRQHandler                 0x0800076f   Thumb Code     0  startup_stm32f40_41xxx.o(.text)
    OTG_HS_EP1_OUT_IRQHandler                0x0800076f   Thumb Code     0  startup_stm32f40_41xxx.o(.text)
    OTG_HS_IRQHandler                        0x0800076f   Thumb Code     0  startup_stm32f40_41xxx.o(.text)
    OTG_HS_WKUP_IRQHandler                   0x0800076f   Thumb Code     0  startup_stm32f40_41xxx.o(.text)
    PVD_IRQHandler                           0x0800076f   Thumb Code     0  startup_stm32f40_41xxx.o(.text)
    RCC_IRQHandler                           0x0800076f   Thumb Code     0  startup_stm32f40_41xxx.o(.text)
    RTC_Alarm_IRQHandler                     0x0800076f   Thumb Code     0  startup_stm32f40_41xxx.o(.text)
    RTC_WKUP_IRQHandler                      0x0800076f   Thumb Code     0  startup_stm32f40_41xxx.o(.text)
    SDIO_IRQHandler                          0x0800076f   Thumb Code     0  startup_stm32f40_41xxx.o(.text)
    SPI1_IRQHandler                          0x0800076f   Thumb Code     0  startup_stm32f40_41xxx.o(.text)
    SPI2_IRQHandler                          0x0800076f   Thumb Code     0  startup_stm32f40_41xxx.o(.text)
    SPI3_IRQHandler                          0x0800076f   Thumb Code     0  startup_stm32f40_41xxx.o(.text)
    TAMP_STAMP_IRQHandler                    0x0800076f   Thumb Code     0  startup_stm32f40_41xxx.o(.text)
    TIM1_BRK_TIM9_IRQHandler                 0x0800076f   Thumb Code     0  startup_stm32f40_41xxx.o(.text)
    TIM1_CC_IRQHandler                       0x0800076f   Thumb Code     0  startup_stm32f40_41xxx.o(.text)
    TIM1_TRG_COM_TIM11_IRQHandler            0x0800076f   Thumb Code     0  startup_stm32f40_41xxx.o(.text)
    TIM1_UP_TIM10_IRQHandler                 0x0800076f   Thumb Code     0  startup_stm32f40_41xxx.o(.text)
    TIM2_IRQHandler                          0x0800076f   Thumb Code     0  startup_stm32f40_41xxx.o(.text)
    TIM4_IRQHandler                          0x0800076f   Thumb Code     0  startup_stm32f40_41xxx.o(.text)
    TIM5_IRQHandler                          0x0800076f   Thumb Code     0  startup_stm32f40_41xxx.o(.text)
    TIM6_DAC_IRQHandler                      0x0800076f   Thumb Code     0  startup_stm32f40_41xxx.o(.text)
    TIM7_IRQHandler                          0x0800076f   Thumb Code     0  startup_stm32f40_41xxx.o(.text)
    TIM8_BRK_TIM12_IRQHandler                0x0800076f   Thumb Code     0  startup_stm32f40_41xxx.o(.text)
    TIM8_CC_IRQHandler                       0x0800076f   Thumb Code     0  startup_stm32f40_41xxx.o(.text)
    TIM8_TRG_COM_TIM14_IRQHandler            0x0800076f   Thumb Code     0  startup_stm32f40_41xxx.o(.text)
    TIM8_UP_TIM13_IRQHandler                 0x0800076f   Thumb Code     0  startup_stm32f40_41xxx.o(.text)
    UART4_IRQHandler                         0x0800076f   Thumb Code     0  startup_stm32f40_41xxx.o(.text)
    UART5_IRQHandler                         0x0800076f   Thumb Code     0  startup_stm32f40_41xxx.o(.text)
    USART2_IRQHandler                        0x0800076f   Thumb Code     0  startup_stm32f40_41xxx.o(.text)
    USART3_IRQHandler                        0x0800076f   Thumb Code     0  startup_stm32f40_41xxx.o(.text)
    USART6_IRQHandler                        0x0800076f   Thumb Code     0  startup_stm32f40_41xxx.o(.text)
    WWDG_IRQHandler                          0x0800076f   Thumb Code     0  startup_stm32f40_41xxx.o(.text)
    NVIC_PriorityGroupConfig                 0x08000779   Thumb Code    20  misc.o(.text)
    NVIC_Init                                0x0800078d   Thumb Code    98  misc.o(.text)
    NVIC_SetVectorTable                      0x080007f1   Thumb Code    24  misc.o(.text)
    NVIC_SystemLPConfig                      0x08000809   Thumb Code    24  misc.o(.text)
    SysTick_CLKSourceConfig                  0x08000821   Thumb Code    24  misc.o(.text)
    ADC_DeInit                               0x08000839   Thumb Code    26  stm32f4xx_adc.o(.text)
    ADC_Init                                 0x08000855   Thumb Code    88  stm32f4xx_adc.o(.text)
    ADC_StructInit                           0x080008ad   Thumb Code    18  stm32f4xx_adc.o(.text)
    ADC_CommonInit                           0x080008c1   Thumb Code    50  stm32f4xx_adc.o(.text)
    ADC_CommonStructInit                     0x080008f5   Thumb Code    12  stm32f4xx_adc.o(.text)
    ADC_Cmd                                  0x08000901   Thumb Code    16  stm32f4xx_adc.o(.text)
    ADC_AnalogWatchdogCmd                    0x08000911   Thumb Code    18  stm32f4xx_adc.o(.text)
    ADC_AnalogWatchdogThresholdsConfig       0x08000925   Thumb Code     6  stm32f4xx_adc.o(.text)
    ADC_AnalogWatchdogSingleChannelConfig    0x0800092d   Thumb Code    12  stm32f4xx_adc.o(.text)
    ADC_TempSensorVrefintCmd                 0x08000939   Thumb Code    26  stm32f4xx_adc.o(.text)
    ADC_VBATCmd                              0x08000955   Thumb Code    26  stm32f4xx_adc.o(.text)
    ADC_RegularChannelConfig                 0x08000971   Thumb Code    96  stm32f4xx_adc.o(.text)
    ADC_SoftwareStartConv                    0x080009d1   Thumb Code    10  stm32f4xx_adc.o(.text)
    ADC_GetSoftwareStartConvStatus           0x080009dd   Thumb Code     8  stm32f4xx_adc.o(.text)
    ADC_EOCOnEachRegularChannelCmd           0x080009e5   Thumb Code    18  stm32f4xx_adc.o(.text)
    ADC_ContinuousModeCmd                    0x080009f9   Thumb Code    16  stm32f4xx_adc.o(.text)
    ADC_DiscModeChannelCountConfig           0x08000a09   Thumb Code    24  stm32f4xx_adc.o(.text)
    ADC_DiscModeCmd                          0x08000a21   Thumb Code    18  stm32f4xx_adc.o(.text)
    ADC_GetConversionValue                   0x08000a35   Thumb Code     6  stm32f4xx_adc.o(.text)
    ADC_GetMultiModeConversionValue          0x08000a3d   Thumb Code    12  stm32f4xx_adc.o(.text)
    ADC_DMACmd                               0x08000a49   Thumb Code    18  stm32f4xx_adc.o(.text)
    ADC_DMARequestAfterLastTransferCmd       0x08000a5d   Thumb Code    18  stm32f4xx_adc.o(.text)
    ADC_MultiModeDMARequestAfterLastTransferCmd 0x08000a71   Thumb Code    26  stm32f4xx_adc.o(.text)
    ADC_InjectedChannelConfig                0x08000a8d   Thumb Code    80  stm32f4xx_adc.o(.text)
    ADC_InjectedSequencerLengthConfig        0x08000add   Thumb Code    22  stm32f4xx_adc.o(.text)
    ADC_SetInjectedOffset                    0x08000af5   Thumb Code    22  stm32f4xx_adc.o(.text)
    ADC_ExternalTrigInjectedConvConfig       0x08000b0d   Thumb Code    12  stm32f4xx_adc.o(.text)
    ADC_ExternalTrigInjectedConvEdgeConfig   0x08000b19   Thumb Code    12  stm32f4xx_adc.o(.text)
    ADC_SoftwareStartInjectedConv            0x08000b25   Thumb Code    10  stm32f4xx_adc.o(.text)
    ADC_GetSoftwareStartInjectedConvCmdStatus 0x08000b31   Thumb Code     8  stm32f4xx_adc.o(.text)
    ADC_AutoInjectedConvCmd                  0x08000b39   Thumb Code    18  stm32f4xx_adc.o(.text)
    ADC_InjectedDiscModeCmd                  0x08000b4d   Thumb Code    18  stm32f4xx_adc.o(.text)
    ADC_GetInjectedConversionValue           0x08000b61   Thumb Code    26  stm32f4xx_adc.o(.text)
    ADC_ITConfig                             0x08000b7d   Thumb Code    24  stm32f4xx_adc.o(.text)
    ADC_GetFlagStatus                        0x08000b95   Thumb Code    10  stm32f4xx_adc.o(.text)
    ADC_ClearFlag                            0x08000ba1   Thumb Code     6  stm32f4xx_adc.o(.text)
    ADC_GetITStatus                          0x08000ba9   Thumb Code    24  stm32f4xx_adc.o(.text)
    ADC_ClearITPendingBit                    0x08000bc1   Thumb Code     8  stm32f4xx_adc.o(.text)
    DAC_DeInit                               0x08000bc9   Thumb Code    26  stm32f4xx_dac.o(.text)
    DAC_Init                                 0x08000be5   Thumb Code    52  stm32f4xx_dac.o(.text)
    DAC_StructInit                           0x08000c19   Thumb Code    12  stm32f4xx_dac.o(.text)
    DAC_Cmd                                  0x08000c25   Thumb Code    30  stm32f4xx_dac.o(.text)
    DAC_SoftwareTriggerCmd                   0x08000c45   Thumb Code    32  stm32f4xx_dac.o(.text)
    DAC_DualSoftwareTriggerCmd               0x08000c65   Thumb Code    24  stm32f4xx_dac.o(.text)
    DAC_WaveGenerationCmd                    0x08000c7d   Thumb Code    28  stm32f4xx_dac.o(.text)
    DAC_SetChannel1Data                      0x08000c99   Thumb Code    32  stm32f4xx_dac.o(.text)
    DAC_SetChannel2Data                      0x08000cb9   Thumb Code    32  stm32f4xx_dac.o(.text)
    DAC_SetDualChannelData                   0x08000cd9   Thumb Code    24  stm32f4xx_dac.o(.text)
    DAC_GetDataOutputValue                   0x08000cf1   Thumb Code    36  stm32f4xx_dac.o(.text)
    DAC_DMACmd                               0x08000d15   Thumb Code    32  stm32f4xx_dac.o(.text)
    DAC_ITConfig                             0x08000d35   Thumb Code    28  stm32f4xx_dac.o(.text)
    DAC_GetFlagStatus                        0x08000d51   Thumb Code    22  stm32f4xx_dac.o(.text)
    DAC_ClearFlag                            0x08000d69   Thumb Code    16  stm32f4xx_dac.o(.text)
    DAC_GetITStatus                          0x08000d79   Thumb Code    36  stm32f4xx_dac.o(.text)
    DAC_ClearITPendingBit                    0x08000d9d   Thumb Code    16  stm32f4xx_dac.o(.text)
    DMA_DeInit                               0x08000dad   Thumb Code   600  stm32f4xx_dma.o(.text)
    DMA_Init                                 0x08001005   Thumb Code   102  stm32f4xx_dma.o(.text)
    DMA_StructInit                           0x0800106d   Thumb Code    10  stm32f4xx_dma.o(.text)
    DMA_Cmd                                  0x08001079   Thumb Code    16  stm32f4xx_dma.o(.text)
    DMA_PeriphIncOffsetSizeConfig            0x08001089   Thumb Code    18  stm32f4xx_dma.o(.text)
    DMA_FlowControllerConfig                 0x0800109d   Thumb Code    16  stm32f4xx_dma.o(.text)
    DMA_SetCurrDataCounter                   0x080010ad   Thumb Code     4  stm32f4xx_dma.o(.text)
    DMA_GetCurrDataCounter                   0x080010b1   Thumb Code     6  stm32f4xx_dma.o(.text)
    DMA_DoubleBufferModeConfig               0x080010b9   Thumb Code    20  stm32f4xx_dma.o(.text)
    DMA_DoubleBufferModeCmd                  0x080010cd   Thumb Code    18  stm32f4xx_dma.o(.text)
    DMA_MemoryTargetConfig                   0x080010e1   Thumb Code    12  stm32f4xx_dma.o(.text)
    DMA_GetCurrentMemoryTarget               0x080010ed   Thumb Code     8  stm32f4xx_dma.o(.text)
    DMA_GetCmdStatus                         0x080010f5   Thumb Code     8  stm32f4xx_dma.o(.text)
    DMA_GetFIFOStatus                        0x080010fd   Thumb Code     8  stm32f4xx_dma.o(.text)
    DMA_GetFlagStatus                        0x08001105   Thumb Code    68  stm32f4xx_dma.o(.text)
    DMA_ClearFlag                            0x08001149   Thumb Code    60  stm32f4xx_dma.o(.text)
    DMA_ITConfig                             0x08001185   Thumb Code    44  stm32f4xx_dma.o(.text)
    DMA_GetITStatus                          0x080011b1   Thumb Code   100  stm32f4xx_dma.o(.text)
    DMA_ClearITPendingBit                    0x08001215   Thumb Code    60  stm32f4xx_dma.o(.text)
    GPIO_DeInit                              0x08001251   Thumb Code    52  stm32f4xx_gpio.o(.text)
    GPIO_Init                                0x08001285   Thumb Code   134  stm32f4xx_gpio.o(.text)
    GPIO_StructInit                          0x0800130d   Thumb Code    12  stm32f4xx_gpio.o(.text)
    GPIO_PinLockConfig                       0x08001319   Thumb Code    36  stm32f4xx_gpio.o(.text)
    GPIO_ReadInputDataBit                    0x0800133d   Thumb Code    10  stm32f4xx_gpio.o(.text)
    GPIO_ReadInputData                       0x08001349   Thumb Code     6  stm32f4xx_gpio.o(.text)
    GPIO_ReadOutputDataBit                   0x08001351   Thumb Code    10  stm32f4xx_gpio.o(.text)
    GPIO_ReadOutputData                      0x0800135d   Thumb Code     6  stm32f4xx_gpio.o(.text)
    GPIO_SetBits                             0x08001365   Thumb Code     4  stm32f4xx_gpio.o(.text)
    GPIO_ResetBits                           0x08001369   Thumb Code     4  stm32f4xx_gpio.o(.text)
    GPIO_WriteBit                            0x0800136d   Thumb Code    10  stm32f4xx_gpio.o(.text)
    GPIO_Write                               0x08001379   Thumb Code     4  stm32f4xx_gpio.o(.text)
    GPIO_ToggleBits                          0x0800137d   Thumb Code     8  stm32f4xx_gpio.o(.text)
    GPIO_PinAFConfig                         0x08001385   Thumb Code    40  stm32f4xx_gpio.o(.text)
    RCC_DeInit                               0x080013ad   Thumb Code    80  stm32f4xx_rcc.o(.text)
    RCC_HSEConfig                            0x080013fd   Thumb Code    16  stm32f4xx_rcc.o(.text)
    RCC_WaitForHSEStartUp                    0x0800140d   Thumb Code    48  stm32f4xx_rcc.o(.text)
    RCC_GetFlagStatus                        0x0800143d   Thumb Code    38  stm32f4xx_rcc.o(.text)
    RCC_AdjustHSICalibrationValue            0x08001465   Thumb Code    22  stm32f4xx_rcc.o(.text)
    RCC_HSICmd                               0x0800147d   Thumb Code    10  stm32f4xx_rcc.o(.text)
    RCC_LSEConfig                            0x08001489   Thumb Code    30  stm32f4xx_rcc.o(.text)
    RCC_LSICmd                               0x080014a9   Thumb Code    12  stm32f4xx_rcc.o(.text)
    RCC_PLLConfig                            0x080014b5   Thumb Code    46  stm32f4xx_rcc.o(.text)
    RCC_PLLCmd                               0x080014e5   Thumb Code    10  stm32f4xx_rcc.o(.text)
    RCC_PLLI2SConfig                         0x080014f1   Thumb Code    18  stm32f4xx_rcc.o(.text)
    RCC_PLLI2SCmd                            0x08001505   Thumb Code    10  stm32f4xx_rcc.o(.text)
    RCC_PLLSAIConfig                         0x08001511   Thumb Code    22  stm32f4xx_rcc.o(.text)
    RCC_PLLSAICmd                            0x08001529   Thumb Code    10  stm32f4xx_rcc.o(.text)
    RCC_ClockSecuritySystemCmd               0x08001535   Thumb Code    10  stm32f4xx_rcc.o(.text)
    RCC_MCO1Config                           0x08001541   Thumb Code    22  stm32f4xx_rcc.o(.text)
    RCC_MCO2Config                           0x08001559   Thumb Code    22  stm32f4xx_rcc.o(.text)
    RCC_SYSCLKConfig                         0x08001571   Thumb Code    20  stm32f4xx_rcc.o(.text)
    RCC_GetSYSCLKSource                      0x08001585   Thumb Code    16  stm32f4xx_rcc.o(.text)
    RCC_HCLKConfig                           0x08001595   Thumb Code    20  stm32f4xx_rcc.o(.text)
    RCC_PCLK1Config                          0x080015a9   Thumb Code    20  stm32f4xx_rcc.o(.text)
    RCC_PCLK2Config                          0x080015bd   Thumb Code    22  stm32f4xx_rcc.o(.text)
    RCC_GetClocksFreq                        0x080015d5   Thumb Code   154  stm32f4xx_rcc.o(.text)
    RCC_RTCCLKConfig                         0x08001671   Thumb Code    50  stm32f4xx_rcc.o(.text)
    RCC_RTCCLKCmd                            0x080016a5   Thumb Code    12  stm32f4xx_rcc.o(.text)
    RCC_BackupResetCmd                       0x080016b1   Thumb Code    12  stm32f4xx_rcc.o(.text)
    RCC_I2SCLKConfig                         0x080016bd   Thumb Code    12  stm32f4xx_rcc.o(.text)
    RCC_SAIPLLI2SClkDivConfig                0x080016c9   Thumb Code    22  stm32f4xx_rcc.o(.text)
    RCC_SAIPLLSAIClkDivConfig                0x080016e1   Thumb Code    28  stm32f4xx_rcc.o(.text)
    RCC_SAIBlockACLKConfig                   0x080016fd   Thumb Code    20  stm32f4xx_rcc.o(.text)
    RCC_SAIBlockBCLKConfig                   0x08001711   Thumb Code    20  stm32f4xx_rcc.o(.text)
    RCC_LTDCCLKDivConfig                     0x08001725   Thumb Code    20  stm32f4xx_rcc.o(.text)
    RCC_TIMCLKPresConfig                     0x08001739   Thumb Code    12  stm32f4xx_rcc.o(.text)
    RCC_AHB1PeriphClockCmd                   0x08001745   Thumb Code    24  stm32f4xx_rcc.o(.text)
    RCC_AHB2PeriphClockCmd                   0x0800175d   Thumb Code    24  stm32f4xx_rcc.o(.text)
    RCC_AHB3PeriphClockCmd                   0x08001775   Thumb Code    24  stm32f4xx_rcc.o(.text)
    RCC_APB1PeriphClockCmd                   0x0800178d   Thumb Code    24  stm32f4xx_rcc.o(.text)
    RCC_APB2PeriphClockCmd                   0x080017a5   Thumb Code    24  stm32f4xx_rcc.o(.text)
    RCC_AHB1PeriphResetCmd                   0x080017bd   Thumb Code    24  stm32f4xx_rcc.o(.text)
    RCC_AHB2PeriphResetCmd                   0x080017d5   Thumb Code    24  stm32f4xx_rcc.o(.text)
    RCC_AHB3PeriphResetCmd                   0x080017ed   Thumb Code    24  stm32f4xx_rcc.o(.text)
    RCC_APB1PeriphResetCmd                   0x08001805   Thumb Code    24  stm32f4xx_rcc.o(.text)
    RCC_APB2PeriphResetCmd                   0x0800181d   Thumb Code    24  stm32f4xx_rcc.o(.text)
    RCC_AHB1PeriphClockLPModeCmd             0x08001835   Thumb Code    24  stm32f4xx_rcc.o(.text)
    RCC_AHB2PeriphClockLPModeCmd             0x0800184d   Thumb Code    24  stm32f4xx_rcc.o(.text)
    RCC_AHB3PeriphClockLPModeCmd             0x08001865   Thumb Code    24  stm32f4xx_rcc.o(.text)
    RCC_APB1PeriphClockLPModeCmd             0x0800187d   Thumb Code    24  stm32f4xx_rcc.o(.text)
    RCC_APB2PeriphClockLPModeCmd             0x08001895   Thumb Code    24  stm32f4xx_rcc.o(.text)
    RCC_LSEModeConfig                        0x080018ad   Thumb Code    24  stm32f4xx_rcc.o(.text)
    RCC_ITConfig                             0x080018c5   Thumb Code    24  stm32f4xx_rcc.o(.text)
    RCC_ClearFlag                            0x080018dd   Thumb Code    18  stm32f4xx_rcc.o(.text)
    RCC_GetITStatus                          0x080018f1   Thumb Code    18  stm32f4xx_rcc.o(.text)
    RCC_ClearITPendingBit                    0x08001905   Thumb Code    12  stm32f4xx_rcc.o(.text)
    TIM_DeInit                               0x08001911   Thumb Code   434  stm32f4xx_tim.o(.text)
    TIM_TimeBaseInit                         0x08001ac5   Thumb Code   146  stm32f4xx_tim.o(.text)
    TIM_TimeBaseStructInit                   0x08001b59   Thumb Code    16  stm32f4xx_tim.o(.text)
    TIM_PrescalerConfig                      0x08001b69   Thumb Code     6  stm32f4xx_tim.o(.text)
    TIM_CounterModeConfig                    0x08001b71   Thumb Code    12  stm32f4xx_tim.o(.text)
    TIM_SetCounter                           0x08001b7d   Thumb Code     4  stm32f4xx_tim.o(.text)
    TIM_SetAutoreload                        0x08001b81   Thumb Code     4  stm32f4xx_tim.o(.text)
    TIM_GetCounter                           0x08001b85   Thumb Code     4  stm32f4xx_tim.o(.text)
    TIM_GetPrescaler                         0x08001b89   Thumb Code     4  stm32f4xx_tim.o(.text)
    TIM_UpdateDisableConfig                  0x08001b8d   Thumb Code    20  stm32f4xx_tim.o(.text)
    TIM_UpdateRequestConfig                  0x08001ba1   Thumb Code    20  stm32f4xx_tim.o(.text)
    TIM_ARRPreloadConfig                     0x08001bb5   Thumb Code    20  stm32f4xx_tim.o(.text)
    TIM_SelectOnePulseMode                   0x08001bc9   Thumb Code    16  stm32f4xx_tim.o(.text)
    TIM_SetClockDivision                     0x08001bd9   Thumb Code    16  stm32f4xx_tim.o(.text)
    TIM_Cmd                                  0x08001be9   Thumb Code    18  stm32f4xx_tim.o(.text)
    TIM_OC1Init                              0x08001bfd   Thumb Code   102  stm32f4xx_tim.o(.text)
    TIM_OC2Init                              0x08001c65   Thumb Code   110  stm32f4xx_tim.o(.text)
    TIM_OC3Init                              0x08001cd5   Thumb Code   110  stm32f4xx_tim.o(.text)
    TIM_OC4Init                              0x08001d45   Thumb Code    82  stm32f4xx_tim.o(.text)
    TIM_OCStructInit                         0x08001d99   Thumb Code    14  stm32f4xx_tim.o(.text)
    TIM_SelectOCxM                           0x08001da9   Thumb Code    88  stm32f4xx_tim.o(.text)
    TIM_SetCompare1                          0x08001e01   Thumb Code     4  stm32f4xx_tim.o(.text)
    TIM_SetCompare2                          0x08001e05   Thumb Code     4  stm32f4xx_tim.o(.text)
    TIM_SetCompare3                          0x08001e09   Thumb Code     4  stm32f4xx_tim.o(.text)
    TIM_SetCompare4                          0x08001e0d   Thumb Code     4  stm32f4xx_tim.o(.text)
    TIM_ForcedOC1Config                      0x08001e11   Thumb Code    12  stm32f4xx_tim.o(.text)
    TIM_ForcedOC2Config                      0x08001e1d   Thumb Code    14  stm32f4xx_tim.o(.text)
    TIM_ForcedOC3Config                      0x08001e2d   Thumb Code    12  stm32f4xx_tim.o(.text)
    TIM_ForcedOC4Config                      0x08001e39   Thumb Code    14  stm32f4xx_tim.o(.text)
    TIM_OC1PreloadConfig                     0x08001e49   Thumb Code    12  stm32f4xx_tim.o(.text)
    TIM_OC2PreloadConfig                     0x08001e55   Thumb Code    14  stm32f4xx_tim.o(.text)
    TIM_OC3PreloadConfig                     0x08001e65   Thumb Code    12  stm32f4xx_tim.o(.text)
    TIM_OC4PreloadConfig                     0x08001e71   Thumb Code    14  stm32f4xx_tim.o(.text)
    TIM_OC1FastConfig                        0x08001e81   Thumb Code    12  stm32f4xx_tim.o(.text)
    TIM_OC2FastConfig                        0x08001e8d   Thumb Code    14  stm32f4xx_tim.o(.text)
    TIM_OC3FastConfig                        0x08001e9d   Thumb Code    12  stm32f4xx_tim.o(.text)
    TIM_OC4FastConfig                        0x08001ea9   Thumb Code    14  stm32f4xx_tim.o(.text)
    TIM_ClearOC1Ref                          0x08001eb9   Thumb Code    12  stm32f4xx_tim.o(.text)
    TIM_ClearOC2Ref                          0x08001ec5   Thumb Code    14  stm32f4xx_tim.o(.text)
    TIM_ClearOC3Ref                          0x08001ed5   Thumb Code    12  stm32f4xx_tim.o(.text)
    TIM_ClearOC4Ref                          0x08001ee1   Thumb Code    14  stm32f4xx_tim.o(.text)
    TIM_OC1PolarityConfig                    0x08001ef1   Thumb Code    12  stm32f4xx_tim.o(.text)
    TIM_OC1NPolarityConfig                   0x08001efd   Thumb Code    12  stm32f4xx_tim.o(.text)
    TIM_OC2PolarityConfig                    0x08001f09   Thumb Code    14  stm32f4xx_tim.o(.text)
    TIM_OC2NPolarityConfig                   0x08001f19   Thumb Code    14  stm32f4xx_tim.o(.text)
    TIM_OC3PolarityConfig                    0x08001f29   Thumb Code    14  stm32f4xx_tim.o(.text)
    TIM_OC3NPolarityConfig                   0x08001f39   Thumb Code    14  stm32f4xx_tim.o(.text)
    TIM_OC4PolarityConfig                    0x08001f49   Thumb Code    14  stm32f4xx_tim.o(.text)
    TIM_CCxCmd                               0x08001f59   Thumb Code    32  stm32f4xx_tim.o(.text)
    TIM_CCxNCmd                              0x08001f79   Thumb Code    32  stm32f4xx_tim.o(.text)
    TIM_ICInit                               0x08001f99   Thumb Code   290  stm32f4xx_tim.o(.text)
    TIM_SetIC1Prescaler                      0x080020bd   Thumb Code    16  stm32f4xx_tim.o(.text)
    TIM_SetIC2Prescaler                      0x080020cd   Thumb Code    18  stm32f4xx_tim.o(.text)
    TIM_SetIC3Prescaler                      0x080020e1   Thumb Code    16  stm32f4xx_tim.o(.text)
    TIM_SetIC4Prescaler                      0x080020f1   Thumb Code    18  stm32f4xx_tim.o(.text)
    TIM_ICStructInit                         0x08002105   Thumb Code    12  stm32f4xx_tim.o(.text)
    TIM_PWMIConfig                           0x08002111   Thumb Code   250  stm32f4xx_tim.o(.text)
    TIM_GetCapture1                          0x0800220d   Thumb Code     4  stm32f4xx_tim.o(.text)
    TIM_GetCapture2                          0x08002211   Thumb Code     4  stm32f4xx_tim.o(.text)
    TIM_GetCapture3                          0x08002215   Thumb Code     4  stm32f4xx_tim.o(.text)
    TIM_GetCapture4                          0x08002219   Thumb Code     4  stm32f4xx_tim.o(.text)
    TIM_BDTRConfig                           0x0800221d   Thumb Code    40  stm32f4xx_tim.o(.text)
    TIM_BDTRStructInit                       0x08002245   Thumb Code    12  stm32f4xx_tim.o(.text)
    TIM_CtrlPWMOutputs                       0x08002251   Thumb Code    24  stm32f4xx_tim.o(.text)
    TIM_SelectCOM                            0x08002269   Thumb Code    20  stm32f4xx_tim.o(.text)
    TIM_CCPreloadControl                     0x0800227d   Thumb Code    18  stm32f4xx_tim.o(.text)
    TIM_ITConfig                             0x08002291   Thumb Code    16  stm32f4xx_tim.o(.text)
    TIM_GenerateEvent                        0x080022a1   Thumb Code     4  stm32f4xx_tim.o(.text)
    TIM_GetFlagStatus                        0x080022a5   Thumb Code    10  stm32f4xx_tim.o(.text)
    TIM_ClearFlag                            0x080022b1   Thumb Code     6  stm32f4xx_tim.o(.text)
    TIM_GetITStatus                          0x080022b9   Thumb Code    24  stm32f4xx_tim.o(.text)
    TIM_ClearITPendingBit                    0x080022d1   Thumb Code     6  stm32f4xx_tim.o(.text)
    TIM_DMAConfig                            0x080022d9   Thumb Code     8  stm32f4xx_tim.o(.text)
    TIM_DMACmd                               0x080022e1   Thumb Code    16  stm32f4xx_tim.o(.text)
    TIM_SelectCCDMA                          0x080022f1   Thumb Code    20  stm32f4xx_tim.o(.text)
    TIM_InternalClockConfig                  0x08002305   Thumb Code    10  stm32f4xx_tim.o(.text)
    TIM_ITRxExternalClockConfig              0x08002311   Thumb Code    20  stm32f4xx_tim.o(.text)
    TIM_SelectInputTrigger                   0x08002325   Thumb Code    12  stm32f4xx_tim.o(.text)
    TIM_TIxExternalClockConfig               0x08002331   Thumb Code   114  stm32f4xx_tim.o(.text)
    TIM_ETRClockMode1Config                  0x080023a5   Thumb Code    30  stm32f4xx_tim.o(.text)
    TIM_ETRConfig                            0x080023c5   Thumb Code    22  stm32f4xx_tim.o(.text)
    TIM_ETRClockMode2Config                  0x080023dd   Thumb Code    30  stm32f4xx_tim.o(.text)
    TIM_SelectOutputTrigger                  0x080023fd   Thumb Code    16  stm32f4xx_tim.o(.text)
    TIM_SelectSlaveMode                      0x0800240d   Thumb Code    16  stm32f4xx_tim.o(.text)
    TIM_SelectMasterSlaveMode                0x0800241d   Thumb Code    16  stm32f4xx_tim.o(.text)
    TIM_EncoderInterfaceConfig               0x0800242d   Thumb Code    48  stm32f4xx_tim.o(.text)
    TIM_SelectHallSensor                     0x0800245d   Thumb Code    20  stm32f4xx_tim.o(.text)
    TIM_RemapConfig                          0x08002471   Thumb Code     6  stm32f4xx_tim.o(.text)
    USART_DeInit                             0x08002479   Thumb Code   274  stm32f4xx_usart.o(.text)
    USART_Init                               0x0800258d   Thumb Code   186  stm32f4xx_usart.o(.text)
    USART_StructInit                         0x08002649   Thumb Code    18  stm32f4xx_usart.o(.text)
    USART_ClockInit                          0x0800265d   Thumb Code    34  stm32f4xx_usart.o(.text)
    USART_ClockStructInit                    0x08002681   Thumb Code     8  stm32f4xx_usart.o(.text)
    USART_Cmd                                0x08002689   Thumb Code    20  stm32f4xx_usart.o(.text)
    USART_SetPrescaler                       0x0800269d   Thumb Code    16  stm32f4xx_usart.o(.text)
    USART_OverSampling8Cmd                   0x080026ad   Thumb Code    20  stm32f4xx_usart.o(.text)
    USART_OneBitMethodCmd                    0x080026c1   Thumb Code    20  stm32f4xx_usart.o(.text)
    USART_SendData                           0x080026d5   Thumb Code     8  stm32f4xx_usart.o(.text)
    USART_ReceiveData                        0x080026dd   Thumb Code     8  stm32f4xx_usart.o(.text)
    USART_SetAddress                         0x080026e5   Thumb Code    16  stm32f4xx_usart.o(.text)
    USART_ReceiverWakeUpCmd                  0x080026f5   Thumb Code    20  stm32f4xx_usart.o(.text)
    USART_WakeUpConfig                       0x08002709   Thumb Code    16  stm32f4xx_usart.o(.text)
    USART_LINBreakDetectLengthConfig         0x08002719   Thumb Code    16  stm32f4xx_usart.o(.text)
    USART_LINCmd                             0x08002729   Thumb Code    20  stm32f4xx_usart.o(.text)
    USART_SendBreak                          0x0800273d   Thumb Code    10  stm32f4xx_usart.o(.text)
    USART_HalfDuplexCmd                      0x08002749   Thumb Code    20  stm32f4xx_usart.o(.text)
    USART_SetGuardTime                       0x0800275d   Thumb Code    16  stm32f4xx_usart.o(.text)
    USART_SmartCardCmd                       0x0800276d   Thumb Code    20  stm32f4xx_usart.o(.text)
    USART_SmartCardNACKCmd                   0x08002781   Thumb Code    20  stm32f4xx_usart.o(.text)
    USART_IrDAConfig                         0x08002795   Thumb Code    16  stm32f4xx_usart.o(.text)
    USART_IrDACmd                            0x080027a5   Thumb Code    20  stm32f4xx_usart.o(.text)
    USART_DMACmd                             0x080027b9   Thumb Code    16  stm32f4xx_usart.o(.text)
    USART_ITConfig                           0x080027c9   Thumb Code    46  stm32f4xx_usart.o(.text)
    USART_GetFlagStatus                      0x080027f9   Thumb Code    10  stm32f4xx_usart.o(.text)
    USART_ClearFlag                          0x08002805   Thumb Code     6  stm32f4xx_usart.o(.text)
    USART_GetITStatus                        0x0800280d   Thumb Code    48  stm32f4xx_usart.o(.text)
    USART_ClearITPendingBit                  0x0800283d   Thumb Code    14  stm32f4xx_usart.o(.text)
    delay_init                               0x0800284d   Thumb Code    42  delay.o(.text)
    delay_us                                 0x08002879   Thumb Code    60  delay.o(.text)
    delay_xms                                0x080028b5   Thumb Code    60  delay.o(.text)
    delay_ms                                 0x080028f1   Thumb Code   140  delay.o(.text)
    _sys_exit                                0x0800297d   Thumb Code     2  usart.o(.text)
    fputc                                    0x08002981   Thumb Code    20  usart.o(.text)
    uart_init                                0x08002995   Thumb Code   142  usart.o(.text)
    APB1Periph_map(TIM_TypeDef*)             0x08002a25   Thumb Code    32  lib.o(.text)
    APB2Periph_map(ADC_TypeDef*)             0x08002a45   Thumb Code    24  lib.o(.text)
    IT_config(TIM_TypeDef*, FunctionalState) 0x08002a5d   Thumb Code     2  lib.o(.text)
    TIM_config(TIM_TypeDef*, unsigned short, unsigned int, FunctionalState, unsigned char) 0x08002a61   Thumb Code   126  lib.o(.text)
    ADC_config(GPIO_TypeDef*, unsigned int, ADC_TypeDef*, unsigned char) 0x08002ae1   Thumb Code   146  lib.o(.text)
    DAC_config(unsigned int, unsigned int)   0x08002b75   Thumb Code   196  lib.o(.text)
    DMA_config(DMA_Stream_TypeDef*, unsigned int) 0x08002c39   Thumb Code   110  lib.o(.text)
    PWM_config(TIM_TypeDef*, unsigned int)   0x08002ca9   Thumb Code   140  lib.o(.text)
    PID_config(PID*, float, float, float)    0x08002d35   Thumb Code   184  lib.o(.text)
    led测试()                              0x08002ded   Thumb Code    92  lib.o(.text)
    OLED_W_D0                                0x08002e49   Thumb Code    18  oled.o(.text)
    OLED_W_D1                                0x08002e5d   Thumb Code    18  oled.o(.text)
    OLED_W_RES                               0x08002e71   Thumb Code    18  oled.o(.text)
    OLED_W_DC                                0x08002e85   Thumb Code    18  oled.o(.text)
    OLED_W_CS                                0x08002e99   Thumb Code    16  oled.o(.text)
    OLED_GPIO_Init                           0x08002ea9   Thumb Code   178  oled.o(.text)
    OLED_SPI_SendByte                        0x08002f5d   Thumb Code    66  oled.o(.text)
    OLED_WriteCommand                        0x08002fa1   Thumb Code   110  oled.o(.text)
    OLED_WriteData                           0x08003011   Thumb Code   130  oled.o(.text)
    OLED_Init                                0x08003095   Thumb Code   206  oled.o(.text)
    OLED_Clear                               0x08003165   Thumb Code    20  oled.o(.text)
    OLED_Update                              0x08003179   Thumb Code    54  oled.o(.text)
    OLED_SetCursor                           0x080031b1   Thumb Code    32  oled.o(.text)
    OLED_Pow                                 0x080031d1   Thumb Code    22  oled.o(.text)
    OLED_pnpoly                              0x080031e9   Thumb Code   128  oled.o(.text)
    OLED_IsInAngle                           0x08003269   Thumb Code   144  oled.o(.text)
    OLED_UpdateArea                          0x080032f9   Thumb Code   138  oled.o(.text)
    OLED_ClearArea                           0x08003385   Thumb Code   116  oled.o(.text)
    OLED_Reverse                             0x080033f9   Thumb Code    48  oled.o(.text)
    OLED_ReverseArea                         0x08003429   Thumb Code   114  oled.o(.text)
    OLED_ShowChar                            0x0800349d   Thumb Code    70  oled.o(.text)
    OLED_ShowImage                           0x080034e5   Thumb Code   322  oled.o(.text)
    OLED_ShowString                          0x08003629   Thumb Code   112  oled.o(.text)
    OLED_ShowNum                             0x08003699   Thumb Code   186  oled.o(.text)
    OLED_ShowSignedNum                       0x08003755   Thumb Code   316  oled.o(.text)
    OLED_ShowHexNum                          0x08003891   Thumb Code   214  oled.o(.text)
    OLED_ShowBinNum                          0x08003969   Thumb Code   158  oled.o(.text)
    OLED_ShowFloatNum                        0x08003a09   Thumb Code   736  oled.o(.text)
    OLED_ShowChinese                         0x08003ce9   Thumb Code   174  oled.o(.text)
    OLED_Printf                              0x08003d99   Thumb Code   128  oled.o(.text)
    OLED_DrawPoint                           0x08003e19   Thumb Code    56  oled.o(.text)
    OLED_GetPoint                            0x08003e51   Thumb Code    50  oled.o(.text)
    OLED_DrawLine                            0x08003e85   Thumb Code   820  oled.o(.text)
    OLED_DrawRectangle                       0x080041b9   Thumb Code   366  oled.o(.text)
    OLED_DrawTriangle                        0x08004329   Thumb Code   380  oled.o(.text)
    OLED_DrawCircle                          0x080044a5   Thumb Code  1274  oled.o(.text)
    OLED_DrawEllipse                         0x080049a1   Thumb Code  1776  oled.o(.text)
    OLED_DrawArc                             0x08005091   Thumb Code  2576  oled.o(.text)
    ch451_write                              0x08005aa1   Thumb Code    90  key16.o(.text)
    ch451_init                               0x08005afd   Thumb Code   106  key16.o(.text)
    ch451_read                               0x08005b69   Thumb Code   156  key16.o(.text)
    __aeabi_memset                           0x08005c21   Thumb Code    14  memseta.o(.text)
    __aeabi_memset4                          0x08005c21   Thumb Code     0  memseta.o(.text)
    __aeabi_memset8                          0x08005c21   Thumb Code     0  memseta.o(.text)
    __aeabi_memclr                           0x08005c2f   Thumb Code     4  memseta.o(.text)
    __aeabi_memclr4                          0x08005c2f   Thumb Code     0  memseta.o(.text)
    __aeabi_memclr8                          0x08005c2f   Thumb Code     0  memseta.o(.text)
    _memset$wrapper                          0x08005c33   Thumb Code    18  memseta.o(.text)
    strcmp                                   0x08005c45   Thumb Code    28  strcmp.o(.text)
    __aeabi_dadd                             0x08005c61   Thumb Code   322  dadd.o(.text)
    __aeabi_dsub                             0x08005da3   Thumb Code     6  dadd.o(.text)
    __aeabi_drsub                            0x08005da9   Thumb Code     6  dadd.o(.text)
    __aeabi_dmul                             0x08005daf   Thumb Code   228  dmul.o(.text)
    __aeabi_ddiv                             0x08005e93   Thumb Code   222  ddiv.o(.text)
    __aeabi_dcmple                           0x08005f71   Thumb Code    54  dcmple.o(.text)
    __aeabi_dcmplt                           0x08005fa7   Thumb Code    54  dcmplt.o(.text)
    __aeabi_dcmpgt                           0x08005fdd   Thumb Code    54  dcmpgt.o(.text)
    __aeabi_i2d                              0x08006013   Thumb Code    34  dflti.o(.text)
    __aeabi_ui2d                             0x08006035   Thumb Code    26  dfltui.o(.text)
    __aeabi_d2iz                             0x0800604f   Thumb Code    62  dfixi.o(.text)
    __aeabi_d2uiz                            0x0800608d   Thumb Code    50  dfixui.o(.text)
    __aeabi_d2f                              0x080060bf   Thumb Code    56  d2f.o(.text)
    __aeabi_uidiv                            0x080060f7   Thumb Code     0  uidiv.o(.text)
    __aeabi_uidivmod                         0x080060f7   Thumb Code    44  uidiv.o(.text)
    __aeabi_uldivmod                         0x08006123   Thumb Code    98  uldiv.o(.text)
    __aeabi_llsl                             0x08006185   Thumb Code    30  llshl.o(.text)
    _ll_shift_l                              0x08006185   Thumb Code     0  llshl.o(.text)
    __aeabi_llsr                             0x080061a3   Thumb Code    32  llushr.o(.text)
    _ll_ushift_r                             0x080061a3   Thumb Code     0  llushr.o(.text)
    __aeabi_lasr                             0x080061c3   Thumb Code    36  llsshr.o(.text)
    _ll_sshift_r                             0x080061c3   Thumb Code     0  llsshr.o(.text)
    __I$use$fp                               0x080061e7   Thumb Code     0  iusefp.o(.text)
    _float_round                             0x080061e7   Thumb Code    18  fepilogue.o(.text)
    _float_epilogue                          0x080061f9   Thumb Code    92  fepilogue.o(.text)
    _double_round                            0x08006255   Thumb Code    30  depilogue.o(.text)
    _double_epilogue                         0x08006273   Thumb Code   156  depilogue.o(.text)
    _drnd                                    0x08006311   Thumb Code   132  drnd.o(.text)
    __aeabi_d2ulz                            0x08006399   Thumb Code    48  dfixul.o(.text)
    __aeabi_cdcmpeq                          0x080063c9   Thumb Code     0  cdcmple.o(.text)
    __aeabi_cdcmple                          0x080063c9   Thumb Code    48  cdcmple.o(.text)
    __aeabi_cdrcmple                         0x080063f9   Thumb Code    48  cdrcmple.o(.text)
    __scatterload                            0x08006429   Thumb Code    28  init.o(.text)
    __scatterload_rt2                        0x08006429   Thumb Code     0  init.o(.text)
    ADC_DataOut()                            0x08006451   Thumb Code   104  main.o(.text._Z11ADC_DataOutv)
    GPIO::config(GPIO_TypeDef*, unsigned int, GPIOMode_TypeDef, GPIOOType_TypeDef, GPIOSpeed_TypeDef, GPIOPuPd_TypeDef) 0x080064b9   Thumb Code   220  lib.o(.text._ZN4GPIO6configEP12GPIO_TypeDefj16GPIOMode_TypeDef17GPIOOType_TypeDef17GPIOSpeed_TypeDef16GPIOPuPd_TypeDef)
    std::get_new_handler()                   0x080065b1   Thumb Code    12  cxa_handlers.cpp.o(.text._ZSt15get_new_handlerv)
    operator new(unsigned int)               0x080065bd   Thumb Code    38  new.cpp.o(.text._Znwj)
    __0vsprintf                              0x080065e5   Thumb Code    30  printfa.o(i.__0vsprintf)
    __1vsprintf                              0x080065e5   Thumb Code     0  printfa.o(i.__0vsprintf)
    __2vsprintf                              0x080065e5   Thumb Code     0  printfa.o(i.__0vsprintf)
    __c89vsprintf                            0x080065e5   Thumb Code     0  printfa.o(i.__0vsprintf)
    vsprintf                                 0x080065e5   Thumb Code     0  printfa.o(i.__0vsprintf)
    __ARM_fpclassify                         0x08006609   Thumb Code    48  fpclassify.o(i.__ARM_fpclassify)
    __aligned_malloc                         0x08006639   Thumb Code   142  malloca.o(i.__aligned_malloc)
    __hardfp_atan                            0x080066d9   Thumb Code   622  atan.o(i.__hardfp_atan)
    __hardfp_atan2                           0x080069b1   Thumb Code   448  atan2.o(i.__hardfp_atan2)
    __hardfp_logf                            0x08006bb1   Thumb Code   320  logf.o(i.__hardfp_logf)
    __mathlib_logf                           0x08006bb1   Thumb Code     0  logf.o(i.__hardfp_logf)
    __hardfp_round                           0x08006d21   Thumb Code   194  round.o(i.__hardfp_round)
    __kernel_poly                            0x08006e01   Thumb Code   248  poly.o(i.__kernel_poly)
    malloc                                   0x08006ef9   Thumb Code     6  malloca.o(i.__malloc$memalign)
    __mathlib_dbl_infnan                     0x08006eff   Thumb Code    20  dunder.o(i.__mathlib_dbl_infnan)
    __mathlib_dbl_infnan2                    0x08006f13   Thumb Code    20  dunder.o(i.__mathlib_dbl_infnan2)
    __mathlib_dbl_underflow                  0x08006f29   Thumb Code    24  dunder.o(i.__mathlib_dbl_underflow)
    __mathlib_flt_divzero                    0x08006f49   Thumb Code    14  funder.o(i.__mathlib_flt_divzero)
    __mathlib_flt_infnan                     0x08006f5d   Thumb Code     6  funder.o(i.__mathlib_flt_infnan)
    __mathlib_flt_invalid                    0x08006f65   Thumb Code    10  funder.o(i.__mathlib_flt_invalid)
    __scatterload_copy                       0x08006f75   Thumb Code    14  handlers.o(i.__scatterload_copy)
    __scatterload_null                       0x08006f83   Thumb Code     2  handlers.o(i.__scatterload_null)
    __scatterload_zeroinit                   0x08006f85   Thumb Code    14  handlers.o(i.__scatterload_zeroinit)
    __set_errno                              0x08006f95   Thumb Code     6  errno.o(i.__set_errno)
    atan                                     0x0800785d   Thumb Code    16  atan.o(i.atan)
    fabs                                     0x0800786d   Thumb Code    24  fabs.o(i.fabs)
    __mathlib_zero                           0x08007960   Data           8  qnan.o(.constdata)
    AHBPrescTable                            0x08007994   Data          16  system_stm32f4xx.o(.rodata.AHBPrescTable)
    OLED_CF16x16                             0x080079b4   Data         385  oled_data.o(.rodata.OLED_CF16x16)
    OLED_F6x8                                0x08007b35   Data         570  oled_data.o(.rodata.OLED_F6x8)
    OLED_F8x16                               0x08007d6f   Data        1520  oled_data.o(.rodata.OLED_F8x16)
    Region$$Table$$Base                      0x08008380   Number         0  anon$$obj.o(Region$$Table)
    Region$$Table$$Limit                     0x080083a0   Number         0  anon$$obj.o(Region$$Table)
    __microlib_freelist                      0x20000004   Data           4  mvars.o(.data)
    __microlib_freelist_initialised          0x20000008   Data           4  mvars.o(.data)
    ADC_use                                  0x2000000c   Data          20  lib.o(.data.ADC_use)
    DAC_use                                  0x20000020   Data          20  lib.o(.data.DAC_use)
    PWM_use                                  0x20000034   Data          20  lib.o(.data.PWM_use)
    SystemCoreClock                          0x20000048   Data           4  system_stm32f4xx.o(.data.SystemCoreClock)
    led_use                                  0x2000004c   Data          20  lib.o(.data.led_use)
    ADC_data                                 0x20000060   Data           4  lib.o(.bss.ADC_data)
    OLED_DisplayBuf                          0x20000064   Data        1024  oled.o(.bss.OLED_DisplayBuf)
    Pulse                                    0x20000464   Data           4  main.o(.bss.Pulse)
    TIMOCAdder                               0x20000468   Data           4  main.o(.bss.TIMOCAdder)
    __cxa_new_handler                        0x2000046c   Data           4  cxa_default_handlers.cpp.o(.bss.__cxa_new_handler)
    angle                                    0x20000470   Data           4  main.o(.bss.angle)
    key_sign                                 0x20000478   Data           4  main.o(.bss.key_sign)
    pidadder                                 0x2000047c   Data           4  main.o(.bss.pidadder)
    __heap_base                              0x20000480   Data           0  startup_stm32f40_41xxx.o(HEAP)
    __heap_limit                             0x20000680   Data           0  startup_stm32f40_41xxx.o(HEAP)
    __initial_sp                             0x20000a80   Data           0  startup_stm32f40_41xxx.o(STACK)



==============================================================================

Memory Map of the image

  Image Entry point : 0x08000755

  Load Region LR_1 (Base: 0x08000000, Size: 0x00008400, Max: 0xffffffff, ABSOLUTE)

    Execution Region ER_RO (Exec base: 0x08000000, Load base: 0x08000000, Size: 0x000083a0, Max: 0xffffffff, ABSOLUTE)

    Exec Addr    Load Addr    Size         Type   Attr      Idx    E Section Name        Object

    0x08000000   0x08000000   0x00000188   Data   RO           41    RESET               startup_stm32f40_41xxx.o
    0x08000188   0x08000188   0x00000000   Code   RO          475  * .ARM.Collect$$$$00000000  mc_w.l(entry.o)
    0x08000188   0x08000188   0x00000004   Code   RO          594    .ARM.Collect$$$$00000001  mc_w.l(entry2.o)
    0x0800018c   0x0800018c   0x00000004   Code   RO          597    .ARM.Collect$$$$00000004  mc_w.l(entry5.o)
    0x08000190   0x08000190   0x00000000   Code   RO          599    .ARM.Collect$$$$00000008  mc_w.l(entry7b.o)
    0x08000190   0x08000190   0x00000000   Code   RO          601    .ARM.Collect$$$$0000000A  mc_w.l(entry8b.o)
    0x08000190   0x08000190   0x00000008   Code   RO          602    .ARM.Collect$$$$0000000B  mc_w.l(entry9a.o)
    0x08000198   0x08000198   0x00000000   Code   RO          604    .ARM.Collect$$$$0000000D  mc_w.l(entry10a.o)
    0x08000198   0x08000198   0x00000000   Code   RO          606    .ARM.Collect$$$$0000000F  mc_w.l(entry11a.o)
    0x08000198   0x08000198   0x00000004   Code   RO          595    .ARM.Collect$$$$00002712  mc_w.l(entry2.o)
    0x0800019c   0x0800019c   0x00000022   Code   RO            1    .text               stm32f4xx_it.o
    0x080001be   0x080001be   0x00000002   PAD
    0x080001c0   0x080001c0   0x00000182   Code   RO            8    .text               system_stm32f4xx.o
    0x08000342   0x08000342   0x00000002   PAD
    0x08000344   0x08000344   0x0000040e   Code   RO           18    .text               main.o
    0x08000752   0x08000752   0x00000002   PAD
    0x08000754   0x08000754   0x00000024   Code   RO           42  * .text               startup_stm32f40_41xxx.o
    0x08000778   0x08000778   0x000000c0   Code   RO           47    .text               misc.o
    0x08000838   0x08000838   0x00000390   Code   RO           55    .text               stm32f4xx_adc.o
    0x08000bc8   0x08000bc8   0x000001e4   Code   RO          111    .text               stm32f4xx_dac.o
    0x08000dac   0x08000dac   0x000004a4   Code   RO          143    .text               stm32f4xx_dma.o
    0x08001250   0x08001250   0x0000015c   Code   RO          184    .text               stm32f4xx_gpio.o
    0x080013ac   0x080013ac   0x00000564   Code   RO          250    .text               stm32f4xx_rcc.o
    0x08001910   0x08001910   0x00000b66   Code   RO          308    .text               stm32f4xx_tim.o
    0x08002476   0x08002476   0x00000002   PAD
    0x08002478   0x08002478   0x000003d2   Code   RO          317    .text               stm32f4xx_usart.o
    0x0800284a   0x0800284a   0x00000002   PAD
    0x0800284c   0x0800284c   0x00000130   Code   RO          333    .text               delay.o
    0x0800297c   0x0800297c   0x000000a6   Code   RO          351    .text               usart.o
    0x08002a22   0x08002a22   0x00000002   PAD
    0x08002a24   0x08002a24   0x00000424   Code   RO          362    .text               lib.o
    0x08002e48   0x08002e48   0x00002c58   Code   RO          384    .text               oled.o
    0x08005aa0   0x08005aa0   0x00000180   Code   RO          403    .text               key16.o
    0x08005c20   0x08005c20   0x00000024   Code   RO          480    .text               mc_w.l(memseta.o)
    0x08005c44   0x08005c44   0x0000001c   Code   RO          482    .text               mc_w.l(strcmp.o)
    0x08005c60   0x08005c60   0x0000014e   Code   RO          514    .text               mf_w.l(dadd.o)
    0x08005dae   0x08005dae   0x000000e4   Code   RO          516    .text               mf_w.l(dmul.o)
    0x08005e92   0x08005e92   0x000000de   Code   RO          518    .text               mf_w.l(ddiv.o)
    0x08005f70   0x08005f70   0x00000036   Code   RO          520    .text               mf_w.l(dcmple.o)
    0x08005fa6   0x08005fa6   0x00000036   Code   RO          522    .text               mf_w.l(dcmplt.o)
    0x08005fdc   0x08005fdc   0x00000036   Code   RO          524    .text               mf_w.l(dcmpgt.o)
    0x08006012   0x08006012   0x00000022   Code   RO          526    .text               mf_w.l(dflti.o)
    0x08006034   0x08006034   0x0000001a   Code   RO          528    .text               mf_w.l(dfltui.o)
    0x0800604e   0x0800604e   0x0000003e   Code   RO          530    .text               mf_w.l(dfixi.o)
    0x0800608c   0x0800608c   0x00000032   Code   RO          532    .text               mf_w.l(dfixui.o)
    0x080060be   0x080060be   0x00000038   Code   RO          534    .text               mf_w.l(d2f.o)
    0x080060f6   0x080060f6   0x0000002c   Code   RO          617    .text               mc_w.l(uidiv.o)
    0x08006122   0x08006122   0x00000062   Code   RO          619    .text               mc_w.l(uldiv.o)
    0x08006184   0x08006184   0x0000001e   Code   RO          621    .text               mc_w.l(llshl.o)
    0x080061a2   0x080061a2   0x00000020   Code   RO          623    .text               mc_w.l(llushr.o)
    0x080061c2   0x080061c2   0x00000024   Code   RO          625    .text               mc_w.l(llsshr.o)
    0x080061e6   0x080061e6   0x00000000   Code   RO          666    .text               mc_w.l(iusefp.o)
    0x080061e6   0x080061e6   0x0000006e   Code   RO          667    .text               mf_w.l(fepilogue.o)
    0x08006254   0x08006254   0x000000ba   Code   RO          669    .text               mf_w.l(depilogue.o)
    0x0800630e   0x0800630e   0x00000002   PAD
    0x08006310   0x08006310   0x00000088   Code   RO          673    .text               mf_w.l(drnd.o)
    0x08006398   0x08006398   0x00000030   Code   RO          675    .text               mf_w.l(dfixul.o)
    0x080063c8   0x080063c8   0x00000030   Code   RO          677    .text               mf_w.l(cdcmple.o)
    0x080063f8   0x080063f8   0x00000030   Code   RO          679    .text               mf_w.l(cdrcmple.o)
    0x08006428   0x08006428   0x00000024   Code   RO          700    .text               mc_w.l(init.o)
    0x0800644c   0x0800644c   0x00000004   PAD
    0x08006450   0x08006450   0x00000068   Code   RO           37    .text._Z11ADC_DataOutv  main.o
    0x080064b8   0x080064b8   0x000000f8   Code   RO          377    .text._ZN4GPIO6configEP12GPIO_TypeDefj16GPIOMode_TypeDef17GPIOOType_TypeDef17GPIOSpeed_TypeDef16GPIOPuPd_TypeDef  lib.o
    0x080065b0   0x080065b0   0x0000000c   Code   RO          549    .text._ZSt15get_new_handlerv  libcppabi_w.l(cxa_handlers.cpp.o)
    0x080065bc   0x080065bc   0x00000026   Code   RO          416    .text._Znwj         libcpp_w.l(new.cpp.o)
    0x080065e2   0x080065e2   0x00000002   PAD
    0x080065e4   0x080065e4   0x00000024   Code   RO          493    i.__0vsprintf       mc_w.l(printfa.o)
    0x08006608   0x08006608   0x00000030   Code   RO          696    i.__ARM_fpclassify  m_wm.l(fpclassify.o)
    0x08006638   0x08006638   0x000000a0   Code   RO          641    i.__aligned_malloc  mc_w.l(malloca.o)
    0x080066d8   0x080066d8   0x000002d8   Code   RO          552    i.__hardfp_atan     m_wm.l(atan.o)
    0x080069b0   0x080069b0   0x00000200   Code   RO          458    i.__hardfp_atan2    m_wm.l(atan2.o)
    0x08006bb0   0x08006bb0   0x0000016c   Code   RO          464    i.__hardfp_logf     m_wm.l(logf.o)
    0x08006d1c   0x08006d1c   0x00000004   PAD
    0x08006d20   0x08006d20   0x000000e0   Code   RO          471    i.__hardfp_round    m_wm.l(round.o)
    0x08006e00   0x08006e00   0x000000f8   Code   RO          698    i.__kernel_poly     m_wm.l(poly.o)
    0x08006ef8   0x08006ef8   0x00000006   Code   RO          643    i.__malloc$memalign  mc_w.l(malloca.o)
    0x08006efe   0x08006efe   0x00000014   Code   RO          560    i.__mathlib_dbl_infnan  m_wm.l(dunder.o)
    0x08006f12   0x08006f12   0x00000014   Code   RO          561    i.__mathlib_dbl_infnan2  m_wm.l(dunder.o)
    0x08006f26   0x08006f26   0x00000002   PAD
    0x08006f28   0x08006f28   0x00000020   Code   RO          565    i.__mathlib_dbl_underflow  m_wm.l(dunder.o)
    0x08006f48   0x08006f48   0x00000014   Code   RO          579    i.__mathlib_flt_divzero  m_wm.l(funder.o)
    0x08006f5c   0x08006f5c   0x00000006   Code   RO          580    i.__mathlib_flt_infnan  m_wm.l(funder.o)
    0x08006f62   0x08006f62   0x00000002   PAD
    0x08006f64   0x08006f64   0x00000010   Code   RO          582    i.__mathlib_flt_invalid  m_wm.l(funder.o)
    0x08006f74   0x08006f74   0x0000000e   Code   RO          706    i.__scatterload_copy  mc_w.l(handlers.o)
    0x08006f82   0x08006f82   0x00000002   Code   RO          707    i.__scatterload_null  mc_w.l(handlers.o)
    0x08006f84   0x08006f84   0x0000000e   Code   RO          708    i.__scatterload_zeroinit  mc_w.l(handlers.o)
    0x08006f92   0x08006f92   0x00000002   PAD
    0x08006f94   0x08006f94   0x0000000c   Code   RO          661    i.__set_errno       mc_w.l(errno.o)
    0x08006fa0   0x08006fa0   0x00000184   Code   RO          494    i._fp_digits        mc_w.l(printfa.o)
    0x08007124   0x08007124   0x000006dc   Code   RO          495    i._printf_core      mc_w.l(printfa.o)
    0x08007800   0x08007800   0x00000024   Code   RO          496    i._printf_post_padding  mc_w.l(printfa.o)
    0x08007824   0x08007824   0x0000002e   Code   RO          497    i._printf_pre_padding  mc_w.l(printfa.o)
    0x08007852   0x08007852   0x0000000a   Code   RO          499    i._sputc            mc_w.l(printfa.o)
    0x0800785c   0x0800785c   0x00000010   Code   RO          554    i.atan              m_wm.l(atan.o)
    0x0800786c   0x0800786c   0x00000018   Code   RO          575    i.fabs              m_wm.l(fabs.o)
    0x08007884   0x08007884   0x00000040   Data   RO          467    .constdata          m_wm.l(logf.o)
    0x080078c4   0x080078c4   0x00000004   PAD
    0x080078c8   0x080078c8   0x00000098   Data   RO          555    .constdata          m_wm.l(atan.o)
    0x08007960   0x08007960   0x00000008   Data   RO          593    .constdata          m_wm.l(qnan.o)
    0x08007968   0x08007968   0x0000002c   Data   RO          186    .rodata..Lswitch.table.GPIO_DeInit.1  stm32f4xx_gpio.o
    0x08007994   0x08007994   0x00000010   Data   RO           11    .rodata.AHBPrescTable  system_stm32f4xx.o
    0x080079a4   0x080079a4   0x00000010   Data   RO          252    .rodata.APBAHBPrescTable  stm32f4xx_rcc.o
    0x080079b4   0x080079b4   0x00000181   Data   RO          397    .rodata.OLED_CF16x16  oled_data.o
    0x08007b35   0x08007b35   0x0000023a   Data   RO          396    .rodata.OLED_F6x8   oled_data.o
    0x08007d6f   0x08007d6f   0x000005f0   Data   RO          395    .rodata.OLED_F8x16  oled_data.o
    0x0800835f   0x0800835f   0x00000001   PAD
    0x08008360   0x08008360   0x00000020   Data   RO          369    .rodata.cst32       lib.o
    0x08008380   0x08008380   0x00000020   Data   RO          705    Region$$Table       anon$$obj.o


    Execution Region ER_RW (Exec base: 0x20000000, Load base: 0x080083a0, Size: 0x00000060, Max: 0xffffffff, ABSOLUTE)

    Exec Addr    Load Addr    Size         Type   Attr      Idx    E Section Name        Object

    0x20000000   0x080083a0   0x00000004   Data   RW          662    .data               mc_w.l(errno.o)
    0x20000004   0x080083a4   0x00000004   Data   RW          702    .data               mc_w.l(mvars.o)
    0x20000008   0x080083a8   0x00000004   Data   RW          703    .data               mc_w.l(mvars.o)
    0x2000000c   0x080083ac   0x00000014   Data   RW          364    .data.ADC_use       lib.o
    0x20000020   0x080083c0   0x00000014   Data   RW          365    .data.DAC_use       lib.o
    0x20000034   0x080083d4   0x00000014   Data   RW          366    .data.PWM_use       lib.o
    0x20000048   0x080083e8   0x00000004   Data   RW           10    .data.SystemCoreClock  system_stm32f4xx.o
    0x2000004c   0x080083ec   0x00000014   Data   RW          367    .data.led_use       lib.o


    Execution Region ER_ZI (Exec base: 0x20000060, Load base: 0x08008400, Size: 0x00000a20, Max: 0xffffffff, ABSOLUTE)

    Exec Addr    Load Addr    Size         Type   Attr      Idx    E Section Name        Object

    0x20000060        -       0x00000004   Zero   RW          368    .bss.ADC_data       lib.o
    0x20000064        -       0x00000400   Zero   RW          386    .bss.OLED_DisplayBuf  oled.o
    0x20000464        -       0x00000004   Zero   RW           22    .bss.Pulse          main.o
    0x20000468        -       0x00000004   Zero   RW           21    .bss.TIMOCAdder     main.o
    0x2000046c        -       0x00000004   Zero   RW          694    .bss.__cxa_new_handler  libcppabi_w.l(cxa_default_handlers.cpp.o)
    0x20000470        -       0x00000004   Zero   RW           20    .bss.angle          main.o
    0x20000474        -       0x00000002   Zero   RW          336    .bss.fac_ms         delay.o
    0x20000476        -       0x00000001   Zero   RW          335    .bss.fac_us         delay.o
    0x20000477   0x08008400   0x00000001   PAD
    0x20000478        -       0x00000004   Zero   RW           27    .bss.key_sign       main.o
    0x2000047c        -       0x00000004   Zero   RW           26    .bss.pidadder       main.o
    0x20000480        -       0x00000200   Zero   RW           40    HEAP                startup_stm32f40_41xxx.o
    0x20000680        -       0x00000400   Zero   RW           39    STACK               startup_stm32f40_41xxx.o


==============================================================================

Image component sizes


      Code (inc. data)   RO Data    RW Data    ZI Data      Debug   Object Name

       304          0          0          0          3       1972   delay.o
       384         28          0          0          0       2730   key16.o
      1308         44         32         80          4      21482   lib.o
      1142         76          0          0         20      22199   main.o
       192          0          0          0          0       3125   misc.o
     11352         64          0          0       1024      33992   oled.o
         0          0       2475          0          0        776   oled_data.o
        36          8        392          0       1536        856   startup_stm32f40_41xxx.o
       912          0          0          0          0       8959   stm32f4xx_adc.o
       484          0          0          0          0       4809   stm32f4xx_dac.o
      1188          0          0          0          0       6041   stm32f4xx_dma.o
       348          0         44          0          0       4266   stm32f4xx_gpio.o
        34          0          0          0          0        805   stm32f4xx_it.o
      1380          0         16          0          0      11730   stm32f4xx_rcc.o
      2918          0          0          0          0      23799   stm32f4xx_tim.o
       978          0          0          0          0       7676   stm32f4xx_usart.o
       386          0         16          4          0       3145   system_stm32f4xx.o
       166          0          0          0          0       5166   usart.o

    ----------------------------------------------------------------------
     23524        220       3008         84       2588     163528   Object Totals
         0          0         32          0          0          0   (incl. Generated)
        12          0          1          0          1          0   (incl. Padding)

    ----------------------------------------------------------------------

      Code (inc. data)   RO Data    RW Data    ZI Data      Debug   Library Member Name

        38          0          0          0          0        380   new.cpp.o
         0          0          0          0          4          0   cxa_default_handlers.cpp.o
        12          0          0          0          0        132   cxa_handlers.cpp.o
       744        106        152          0          0        352   atan.o
       512         64          0          0          0        208   atan2.o
        72          8          0          0          0        372   dunder.o
        24          0          0          0          0        124   fabs.o
        48          0          0          0          0        124   fpclassify.o
        42         12          0          0          0        348   funder.o
       364         44         64          0          0        140   logf.o
       248          0          0          0          0        152   poly.o
         0          0          8          0          0          0   qnan.o
       224         30          0          0          0        172   round.o
         0          0          0          0          0          0   entry.o
         0          0          0          0          0          0   entry10a.o
         0          0          0          0          0          0   entry11a.o
         8          4          0          0          0          0   entry2.o
         4          0          0          0          0          0   entry5.o
         0          0          0          0          0          0   entry7b.o
         0          0          0          0          0          0   entry8b.o
         8          4          0          0          0          0   entry9a.o
        12          6          0          4          0         68   errno.o
        30          0          0          0          0          0   handlers.o
        36          8          0          0          0         68   init.o
         0          0          0          0          0          0   iusefp.o
        30          0          0          0          0         68   llshl.o
        36          0          0          0          0         68   llsshr.o
        32          0          0          0          0         68   llushr.o
       166         18          0          0          0        156   malloca.o
        36          0          0          0          0        108   memseta.o
         0          0          0          8          0          0   mvars.o
      2272         86          0          0          0        516   printfa.o
        28          0          0          0          0         76   strcmp.o
        44          0          0          0          0         80   uidiv.o
        98          0          0          0          0         92   uldiv.o
        48          0          0          0          0         68   cdcmple.o
        48          0          0          0          0         68   cdrcmple.o
        56          0          0          0          0         88   d2f.o
       334          0          0          0          0        148   dadd.o
        54          0          0          0          0         80   dcmpgt.o
        54          0          0          0          0         80   dcmple.o
        54          0          0          0          0         80   dcmplt.o
       222          0          0          0          0        100   ddiv.o
       186          0          0          0          0        176   depilogue.o
        62          0          0          0          0         80   dfixi.o
        50          0          0          0          0         76   dfixui.o
        48          0          0          0          0         68   dfixul.o
        34          0          0          0          0         76   dflti.o
        26          0          0          0          0         76   dfltui.o
       228          0          0          0          0         96   dmul.o
       136          4          0          0          0         92   drnd.o
       110          0          0          0          0        168   fepilogue.o

    ----------------------------------------------------------------------
      6936        402        228         12          4       5492   Library Totals
        18          8          4          0          0          0   (incl. Padding)

    ----------------------------------------------------------------------

      Code (inc. data)   RO Data    RW Data    ZI Data      Debug   Library Name

        38          0          0          0          0        380   libcpp_w.l
        12          0          0          0          4        132   libcppabi_w.l
      2278        264        224          0          0       1992   m_wm.l
      2840        126          0         12          0       1368   mc_w.l
      1750          4          0          0          0       1620   mf_w.l

    ----------------------------------------------------------------------
      6936        402        228         12          4       5492   Library Totals

    ----------------------------------------------------------------------

==============================================================================


      Code (inc. data)   RO Data    RW Data    ZI Data      Debug   

     30460        622       3236         96       2592     165920   Grand Totals
     30460        622       3236         96       2592     165920   ELF Image Totals
     30460        622       3236         96          0          0   ROM Totals

==============================================================================

    Total RO  Size (Code + RO Data)                33696 (  32.91kB)
    Total RW  Size (RW Data + ZI Data)              2688 (   2.62kB)
    Total ROM Size (Code + RO Data + RW Data)      33792 (  33.00kB)

==============================================================================

